Component: ARM Compiler 5.06 update 3 (build 300) Tool: armlink [4d35c9]

==============================================================================

Section Cross References

    main.o(i.EXTI0_IRQHandler) refers to delay.o(i.delay_ms) for delay_ms
    main.o(i.EXTI0_IRQHandler) refers to stm32f10x_gpio.o(i.GPIO_ReadInputDataBit) for GPIO_ReadInputDataBit
    main.o(i.EXTI0_IRQHandler) refers to stm32f10x_exti.o(i.EXTI_ClearITPendingBit) for EXTI_ClearITPendingBit
    main.o(i.EXTI0_IRQHandler) refers to snake.o(.data) for Dir
    main.o(i.EXTI1_IRQHandler) refers to delay.o(i.delay_ms) for delay_ms
    main.o(i.EXTI1_IRQHandler) refers to stm32f10x_gpio.o(i.GPIO_ReadInputDataBit) for GPIO_ReadInputDataBit
    main.o(i.EXTI1_IRQHandler) refers to stm32f10x_exti.o(i.EXTI_ClearITPendingBit) for EXTI_ClearITPendingBit
    main.o(i.EXTI1_IRQHandler) refers to snake.o(.data) for Dir
    main.o(i.EXTI2_IRQHandler) refers to delay.o(i.delay_ms) for delay_ms
    main.o(i.EXTI2_IRQHandler) refers to stm32f10x_gpio.o(i.GPIO_ReadInputDataBit) for GPIO_ReadInputDataBit
    main.o(i.EXTI2_IRQHandler) refers to stm32f10x_exti.o(i.EXTI_ClearITPendingBit) for EXTI_ClearITPendingBit
    main.o(i.EXTI2_IRQHandler) refers to snake.o(.data) for Dir
    main.o(i.EXTI3_IRQHandler) refers to delay.o(i.delay_ms) for delay_ms
    main.o(i.EXTI3_IRQHandler) refers to stm32f10x_gpio.o(i.GPIO_ReadInputDataBit) for GPIO_ReadInputDataBit
    main.o(i.EXTI3_IRQHandler) refers to stm32f10x_exti.o(i.EXTI_ClearITPendingBit) for EXTI_ClearITPendingBit
    main.o(i.EXTI3_IRQHandler) refers to snake.o(.data) for Dir
    main.o(i.EXTI9_5_IRQHandler) refers to delay.o(i.delay_ms) for delay_ms
    main.o(i.EXTI9_5_IRQHandler) refers to stm32f10x_gpio.o(i.GPIO_ReadInputDataBit) for GPIO_ReadInputDataBit
    main.o(i.EXTI9_5_IRQHandler) refers to stm32f10x_exti.o(i.EXTI_ClearITPendingBit) for EXTI_ClearITPendingBit
    main.o(i.EXTI9_5_IRQHandler) refers to main.o(.data) for flag
    main.o(i.EXTI9_5_IRQHandler) refers to snake.o(.data) for Food_Score
    main.o(i.Menu) refers to oled.o(i.OLED_DrawBMP) for OLED_DrawBMP
    main.o(i.Menu) refers to oled.o(i.OLED_ShowString) for OLED_ShowString
    main.o(i.Menu) refers to oled.o(i.OLED_ShowString_Reverse) for OLED_ShowString_Reverse
    main.o(i.Menu) refers to main.o(.constdata) for BMP2
    main.o(i.Menu) refers to main.o(.data) for Choice
    main.o(i.main) refers to system_stm32f10x.o(i.SystemInit) for SystemInit
    main.o(i.main) refers to delay.o(i.delay_init) for delay_init
    main.o(i.main) refers to oled.o(i.OLED_Init) for OLED_Init
    main.o(i.main) refers to misc.o(i.NVIC_PriorityGroupConfig) for NVIC_PriorityGroupConfig
    main.o(i.main) refers to button.o(i.My_Exit_Init) for My_Exit_Init
    main.o(i.main) refers to oled.o(i.OLED_Clear) for OLED_Clear
    main.o(i.main) refers to main.o(i.Menu) for Menu
    main.o(i.main) refers to snake.o(i.Snake_FOOD_Init) for Snake_FOOD_Init
    main.o(i.main) refers to snake.o(i.GameCir) for GameCir
    main.o(i.main) refers to oled.o(i.OLED_DrawBMP) for OLED_DrawBMP
    main.o(i.main) refers to delay.o(i.delay_ms) for delay_ms
    main.o(i.main) refers to draw_api.o(i.CanvasClear) for CanvasClear
    main.o(i.main) refers to draw_api.o(i.OLED_ShowStrRAM) for OLED_ShowStrRAM
    main.o(i.main) refers to draw_api.o(i.OLED_ShowNumRAM) for OLED_ShowNumRAM
    main.o(i.main) refers to at24cxx.o(i.AT24CXX_ReadLenByte) for AT24CXX_ReadLenByte
    main.o(i.main) refers to at24cxx.o(i.AT24CXX_WriteLenByte) for AT24CXX_WriteLenByte
    main.o(i.main) refers to draw_api.o(i.DisPlay) for DisPlay
    main.o(i.main) refers to snake.o(.data) for Gamestatus
    main.o(i.main) refers to main.o(.constdata) for BMP3
    system_stm32f10x.o(i.SetSysClock) refers to system_stm32f10x.o(i.SetSysClockTo72) for SetSysClockTo72
    system_stm32f10x.o(i.SystemCoreClockUpdate) refers to system_stm32f10x.o(.data) for SystemCoreClock
    system_stm32f10x.o(i.SystemInit) refers to system_stm32f10x.o(i.SetSysClock) for SetSysClock
    oled.o(i.OLED_Clear) refers to oled.o(i.OLED_WR_Byte) for OLED_WR_Byte
    oled.o(i.OLED_Display_Off) refers to oled.o(i.OLED_WR_Byte) for OLED_WR_Byte
    oled.o(i.OLED_Display_On) refers to oled.o(i.OLED_WR_Byte) for OLED_WR_Byte
    oled.o(i.OLED_DrawBMP) refers to oled.o(i.OLED_Set_Pos) for OLED_Set_Pos
    oled.o(i.OLED_DrawBMP) refers to oled.o(i.OLED_WR_Byte) for OLED_WR_Byte
    oled.o(i.OLED_Init) refers to stm32f10x_rcc.o(i.RCC_APB2PeriphClockCmd) for RCC_APB2PeriphClockCmd
    oled.o(i.OLED_Init) refers to stm32f10x_gpio.o(i.GPIO_Init) for GPIO_Init
    oled.o(i.OLED_Init) refers to stm32f10x_gpio.o(i.GPIO_SetBits) for GPIO_SetBits
    oled.o(i.OLED_Init) refers to delay.o(i.delay_ms) for delay_ms
    oled.o(i.OLED_Init) refers to stm32f10x_gpio.o(i.GPIO_ResetBits) for GPIO_ResetBits
    oled.o(i.OLED_Init) refers to oled.o(i.OLED_WR_Byte) for OLED_WR_Byte
    oled.o(i.OLED_Init) refers to oled.o(i.OLED_Clear) for OLED_Clear
[...]
    Removing stm32f10x_tim.o(i.TIM_OC4PreloadConfig), (26 bytes).
    Removing stm32f10x_tim.o(i.TIM_OCStructInit), (20 bytes).
    Removing stm32f10x_tim.o(i.TIM_PWMIConfig), (124 bytes).
    Removing stm32f10x_tim.o(i.TIM_PrescalerConfig), (6 bytes).
    Removing stm32f10x_tim.o(i.TIM_SelectCCDMA), (24 bytes).
    Removing stm32f10x_tim.o(i.TIM_SelectCOM), (24 bytes).
    Removing stm32f10x_tim.o(i.TIM_SelectHallSensor), (24 bytes).
    Removing stm32f10x_tim.o(i.TIM_SelectInputTrigger), (18 bytes).
    Removing stm32f10x_tim.o(i.TIM_SelectMasterSlaveMode), (18 bytes).
    Removing stm32f10x_tim.o(i.TIM_SelectOCxM), (82 bytes).
    Removing stm32f10x_tim.o(i.TIM_SelectOnePulseMode), (18 bytes).
    Removing stm32f10x_tim.o(i.TIM_SelectOutputTrigger), (18 bytes).
    Removing stm32f10x_tim.o(i.TIM_SelectSlaveMode), (18 bytes).
    Removing stm32f10x_tim.o(i.TIM_SetAutoreload), (4 bytes).
    Removing stm32f10x_tim.o(i.TIM_SetClockDivision), (18 bytes).
    Removing stm32f10x_tim.o(i.TIM_SetCompare1), (4 bytes).
    Removing stm32f10x_tim.o(i.TIM_SetCompare2), (4 bytes).
    Removing stm32f10x_tim.o(i.TIM_SetCompare3), (4 bytes).
    Removing stm32f10x_tim.o(i.TIM_SetCompare4), (6 bytes).
    Removing stm32f10x_tim.o(i.TIM_SetCounter), (4 bytes).
    Removing stm32f10x_tim.o(i.TIM_SetIC1Prescaler), (18 bytes).
    Removing stm32f10x_tim.o(i.TIM_SetIC2Prescaler), (26 bytes).
    Removing stm32f10x_tim.o(i.TIM_SetIC3Prescaler), (18 bytes).
    Removing stm32f10x_tim.o(i.TIM_SetIC4Prescaler), (26 bytes).
    Removing stm32f10x_tim.o(i.TIM_TIxExternalClockConfig), (62 bytes).
    Removing stm32f10x_tim.o(i.TIM_TimeBaseStructInit), (18 bytes).
    Removing stm32f10x_tim.o(i.TIM_UpdateDisableConfig), (24 bytes).
    Removing stm32f10x_tim.o(i.TIM_UpdateRequestConfig), (24 bytes).
    Removing stm32f10x_usart.o(i.USART_ClearFlag), (18 bytes).
    Removing stm32f10x_usart.o(i.USART_ClearITPendingBit), (30 bytes).
    Removing stm32f10x_usart.o(i.USART_ClockInit), (34 bytes).
    Removing stm32f10x_usart.o(i.USART_ClockStructInit), (12 bytes).
    Removing stm32f10x_usart.o(i.USART_Cmd), (24 bytes).
    Removing stm32f10x_usart.o(i.USART_DMACmd), (18 bytes).
    Removing stm32f10x_usart.o(i.USART_DeInit), (156 bytes).
    Removing stm32f10x_usart.o(i.USART_GetFlagStatus), (26 bytes).
    Removing stm32f10x_usart.o(i.USART_GetITStatus), (84 bytes).
    Removing stm32f10x_usart.o(i.USART_HalfDuplexCmd), (24 bytes).
    Removing stm32f10x_usart.o(i.USART_ITConfig), (74 bytes).
    Removing stm32f10x_usart.o(i.USART_Init), (216 bytes).
    Removing stm32f10x_usart.o(i.USART_IrDACmd), (24 bytes).
    Removing stm32f10x_usart.o(i.USART_IrDAConfig), (18 bytes).
    Removing stm32f10x_usart.o(i.USART_LINBreakDetectLengthConfig), (18 bytes).
    Removing stm32f10x_usart.o(i.USART_LINCmd), (24 bytes).
    Removing stm32f10x_usart.o(i.USART_OneBitMethodCmd), (24 bytes).
    Removing stm32f10x_usart.o(i.USART_OverSampling8Cmd), (22 bytes).
    Removing stm32f10x_usart.o(i.USART_ReceiveData), (10 bytes).
    Removing stm32f10x_usart.o(i.USART_ReceiverWakeUpCmd), (24 bytes).
    Removing stm32f10x_usart.o(i.USART_SendBreak), (10 bytes).
    Removing stm32f10x_usart.o(i.USART_SendData), (8 bytes).
    Removing stm32f10x_usart.o(i.USART_SetAddress), (18 bytes).
    Removing stm32f10x_usart.o(i.USART_SetGuardTime), (16 bytes).
    Removing stm32f10x_usart.o(i.USART_SetPrescaler), (16 bytes).
    Removing stm32f10x_usart.o(i.USART_SmartCardCmd), (24 bytes).
    Removing stm32f10x_usart.o(i.USART_SmartCardNACKCmd), (24 bytes).
    Removing stm32f10x_usart.o(i.USART_StructInit), (24 bytes).
    Removing stm32f10x_usart.o(i.USART_WakeUpConfig), (18 bytes).
    Removing stm32f10x_wwdg.o(i.WWDG_ClearFlag), (12 bytes).
    Removing stm32f10x_wwdg.o(i.WWDG_DeInit), (22 bytes).
    Removing stm32f10x_wwdg.o(i.WWDG_Enable), (16 bytes).
    Removing stm32f10x_wwdg.o(i.WWDG_EnableIT), (12 bytes).
    Removing stm32f10x_wwdg.o(i.WWDG_GetFlagStatus), (12 bytes).
    Removing stm32f10x_wwdg.o(i.WWDG_SetCounter), (16 bytes).
    Removing stm32f10x_wwdg.o(i.WWDG_SetPrescaler), (24 bytes).
    Removing stm32f10x_wwdg.o(i.WWDG_SetWindowValue), (40 bytes).
    Removing sys.o(.emb_text), (6 bytes).
    Removing sys.o(i.Ex_NVIC_Config), (160 bytes).
    Removing sys.o(i.INTX_DISABLE), (4 bytes).
    Removing sys.o(i.INTX_ENABLE), (4 bytes).
    Removing sys.o(i.JTAG_Set), (48 bytes).
    Removing sys.o(i.MYRCC_DeInit), (104 bytes).
    Removing sys.o(i.MY_NVIC_Init), (120 bytes).
    Removing sys.o(i.MY_NVIC_PriorityGroupConfig), (40 bytes).
    Removing sys.o(i.MY_NVIC_SetVectorTable), (20 bytes).
    Removing sys.o(i.Stm32_Clock_Init), (144 bytes).
    Removing sys.o(i.Sys_Soft_Reset), (16 bytes).
    Removing sys.o(i.Sys_Standby), (76 bytes).
    Removing sys.o(i.WFI_SET), (4 bytes).
    Removing usart.o(i.fputc), (28 bytes).
    Removing usart.o(i.uart_init), (220 bytes).

487 unused section(s) (total 20026 bytes) removed from the image.

==============================================================================

Image Symbol Table

    Local Symbols

    Symbol Name                              Value     Ov Type        Size  Object(Section)

    ../clib/angel/boardlib.s                 0x00000000   Number         0  boardinit1.o ABSOLUTE
    ../clib/angel/boardlib.s                 0x00000000   Number         0  boardshut.o ABSOLUTE
    ../clib/angel/boardlib.s                 0x00000000   Number         0  boardinit3.o ABSOLUTE
    ../clib/angel/boardlib.s                 0x00000000   Number         0  boardinit2.o ABSOLUTE
    ../clib/angel/dczerorl2.s                0x00000000   Number         0  __dczerorl2.o ABSOLUTE
    ../clib/angel/handlers.s                 0x00000000   Number         0  __scatter_zi.o ABSOLUTE
    ../clib/angel/kernel.s                   0x00000000   Number         0  __rtentry4.o ABSOLUTE
    ../clib/angel/kernel.s                   0x00000000   Number         0  __rtentry.o ABSOLUTE
    ../clib/angel/kernel.s                   0x00000000   Number         0  __rtentry2.o ABSOLUTE
    ../clib/angel/kernel.s                   0x00000000   Number         0  rtexit2.o ABSOLUTE
    ../clib/angel/kernel.s                   0x00000000   Number         0  rtexit.o ABSOLUTE
    ../clib/angel/rt.s                       0x00000000   Number         0  rt_raise.o ABSOLUTE
    ../clib/angel/rt.s                       0x00000000   Number         0  rt_heap_descriptor_intlibspace.o ABSOLUTE
    ../clib/angel/rt.s                       0x00000000   Number         0  rt_heap_descriptor.o ABSOLUTE
    ../clib/angel/rt.s                       0x00000000   Number         0  rt_errno_addr_intlibspace.o ABSOLUTE
    ../clib/angel/rt.s                       0x00000000   Number         0  rt_errno_addr.o ABSOLUTE
    ../clib/angel/scatter.s                  0x00000000   Number         0  __scatter.o ABSOLUTE
    ../clib/angel/startup.s                  0x00000000   Number         0  __main.o ABSOLUTE
    ../clib/angel/sys.s                      0x00000000   Number         0  use_no_semi_2.o ABSOLUTE
    ../clib/angel/sys.s                      0x00000000   Number         0  use_no_semi.o ABSOLUTE
    ../clib/angel/sys.s                      0x00000000   Number         0  indicate_semi.o ABSOLUTE
    ../clib/angel/sys.s                      0x00000000   Number         0  mutex_dummy.o ABSOLUTE
    ../clib/angel/sys.s                      0x00000000   Number         0  libspace.o ABSOLUTE
    ../clib/angel/sys.s                      0x00000000   Number         0  sys_stackheap_outer.o ABSOLUTE
    ../clib/angel/sysapp.c                   0x00000000   Number         0  sys_command.o ABSOLUTE
    ../clib/armsys.c                         0x00000000   Number         0  no_argv.o ABSOLUTE
    ../clib/armsys.c                         0x00000000   Number         0  _get_argv_nomalloc.o ABSOLUTE
    ../clib/armsys.c                         0x00000000   Number         0  _get_argv.o ABSOLUTE
    ../clib/armsys.c                         0x00000000   Number         0  argv_veneer.o ABSOLUTE
    ../clib/armsys.c                         0x00000000   Number         0  argv_veneer.o ABSOLUTE
    ../clib/fenv.c                           0x00000000   Number         0  _rserrno.o ABSOLUTE
    ../clib/heap1.c                          0x00000000   Number         0  h1_init_mt.o ABSOLUTE
    ../clib/heap1.c                          0x00000000   Number         0  h1_extend_mt.o ABSOLUTE
    ../clib/heap1.c                          0x00000000   Number         0  h1_alloc.o ABSOLUTE
    ../clib/heap1.c                          0x00000000   Number         0  h1_final_mt.o ABSOLUTE
    ../clib/heap1.c                          0x00000000   Number         0  h1_init.o ABSOLUTE
    ../clib/heap1.c                          0x00000000   Number         0  h1_free.o ABSOLUTE
    ../clib/heap1.c                          0x00000000   Number         0  h1_alloc_mt.o ABSOLUTE
    ../clib/heap1.c                          0x00000000   Number         0  h1_free_mt.o ABSOLUTE
    ../clib/heap1.c                          0x00000000   Number         0  h1_final.o ABSOLUTE
    ../clib/heap1.c                          0x00000000   Number         0  h1_extend.o ABSOLUTE
    ../clib/heap2.c                          0x00000000   Number         0  fdtree.o ABSOLUTE
    ../clib/heap2.c                          0x00000000   Number         0  heap2.o ABSOLUTE
    ../clib/heap2.c                          0x00000000   Number         0  heap2mt.o ABSOLUTE
    ../clib/heapalloc.c                      0x00000000   Number         0  maybetermalloc2.o ABSOLUTE
    ../clib/heapalloc.c                      0x00000000   Number         0  free.o ABSOLUTE
    ../clib/heapalloc.c                      0x00000000   Number         0  malloc.o ABSOLUTE
    ../clib/heapalloc.c                      0x00000000   Number         0  term_alloc.o ABSOLUTE
    ../clib/heapalloc.c                      0x00000000   Number         0  maybetermalloc1.o ABSOLUTE
    ../clib/heapalloc.c                      0x00000000   Number         0  hguard.o ABSOLUTE
    ../clib/heapalloc.c                      0x00000000   Number         0  heapstubs.o ABSOLUTE
    ../clib/heapalloc.c                      0x00000000   Number         0  init_alloc.o ABSOLUTE
    ../clib/heapalloc.c                      0x00000000   Number         0  maybetermalloc2.o ABSOLUTE
    ../clib/heapalloc.c                      0x00000000   Number         0  maybetermalloc1.o ABSOLUTE
    ../clib/heapalloc.c                      0x00000000   Number         0  hrguard.o ABSOLUTE
    ../clib/heapaux.c                        0x00000000   Number         0  heapauxa.o ABSOLUTE
    ../clib/heapaux.c                        0x00000000   Number         0  heapauxi.o ABSOLUTE
    ../clib/libinit.s                        0x00000000   Number         0  libinit2.o ABSOLUTE
    ../clib/libinit.s                        0x00000000   Number         0  libshutdown2.o ABSOLUTE
    ../clib/libinit.s                        0x00000000   Number         0  libshutdown.o ABSOLUTE
    ../clib/libinit.s                        0x00000000   Number         0  libinit.o ABSOLUTE
    ../clib/memcpset.s                       0x00000000   Number         0  rt_memcpy_w.o ABSOLUTE
    ../clib/signal.c                         0x00000000   Number         0  defsig_general.o ABSOLUTE
    ../clib/signal.c                         0x00000000   Number         0  defsig_exit.o ABSOLUTE
    ../clib/signal.c                         0x00000000   Number         0  defsig_abrt_inner.o ABSOLUTE
    ../clib/signal.c                         0x00000000   Number         0  defsig_fpe_inner.o ABSOLUTE
    ../clib/signal.c                         0x00000000   Number         0  defsig_rtmem_outer.o ABSOLUTE
    ../clib/signal.c                         0x00000000   Number         0  defsig_stak_inner.o ABSOLUTE
    ../clib/signal.c                         0x00000000   Number         0  defsig_pvfn_inner.o ABSOLUTE
    ../clib/signal.c                         0x00000000   Number         0  defsig_cppl_inner.o ABSOLUTE
    ../clib/signal.c                         0x00000000   Number         0  defsig_segv_inner.o ABSOLUTE
    ../clib/signal.c                         0x00000000   Number         0  defsig_other.o ABSOLUTE
    ../clib/signal.c                         0x00000000   Number         0  defsig_rtmem_formal.o ABSOLUTE
    ../clib/signal.c                         0x00000000   Number         0  defsig_rtmem_inner.o ABSOLUTE
    ../clib/signal.c                         0x00000000   Number         0  __raise.o ABSOLUTE
    ../clib/signal.c                         0x00000000   Number         0  defsig_rtred_inner.o ABSOLUTE
    ../clib/signal.s                         0x00000000   Number         0  defsig.o ABSOLUTE
    ../clib/stdlib.c                         0x00000000   Number         0  exit.o ABSOLUTE
    ../fplib/d2f.s                           0x00000000   Number         0  d2f.o ABSOLUTE
    ../fplib/daddsub.s                       0x00000000   Number         0  daddsub_clz.o ABSOLUTE
    ../fplib/dcheck1.s                       0x00000000   Number         0  dcheck1.o ABSOLUTE
    ../fplib/dcmpi.s                         0x00000000   Number         0  dcmpi.o ABSOLUTE
    ../fplib/ddiv.s                          0x00000000   Number         0  ddiv.o ABSOLUTE
    ../fplib/dfix.s                          0x00000000   Number         0  dfix.o ABSOLUTE
    ../fplib/dflt.s                          0x00000000   Number         0  dflt_clz.o ABSOLUTE
    ../fplib/dleqf.s                         0x00000000   Number         0  dleqf.o ABSOLUTE
    ../fplib/dmul.s                          0x00000000   Number         0  dmul.o ABSOLUTE
    ../fplib/dnaninf.s                       0x00000000   Number         0  dnaninf.o ABSOLUTE
    ../fplib/dretinf.s                       0x00000000   Number         0  dretinf.o ABSOLUTE
    ../fplib/drleqf.s                        0x00000000   Number         0  drleqf.o ABSOLUTE
    ../fplib/f2d.s                           0x00000000   Number         0  f2d.o ABSOLUTE
    ../fplib/faddsub.s                       0x00000000   Number         0  faddsub_clz.o ABSOLUTE
    ../fplib/fdiv.s                          0x00000000   Number         0  fdiv.o ABSOLUTE
    ../fplib/ffixu.s                         0x00000000   Number         0  ffixu.o ABSOLUTE
    ../fplib/fflt.s                          0x00000000   Number         0  fflt_clz.o ABSOLUTE
    ../fplib/fmul.s                          0x00000000   Number         0  fmul.o ABSOLUTE
    ../fplib/fnaninf.s                       0x00000000   Number         0  fnaninf.o ABSOLUTE
    ../fplib/fpinit.s                        0x00000000   Number         0  fpinit.o ABSOLUTE
    ../fplib/fretinf.s                       0x00000000   Number         0  fretinf.o ABSOLUTE
    ../fplib/retnan.s                        0x00000000   Number         0  retnan.o ABSOLUTE
    ../fplib/scalbn.s                        0x00000000   Number         0  scalbn.o ABSOLUTE
    ../fplib/trapv.s                         0x00000000   Number         0  trapv.o ABSOLUTE
    ../fplib/usenofp.s                       0x00000000   Number         0  usenofp.o ABSOLUTE
    ../mathlib/cos.c                         0x00000000   Number         0  cos.o ABSOLUTE
    ../mathlib/cos.c                         0x00000000   Number         0  cos_x.o ABSOLUTE
    ../mathlib/cos_i.c                       0x00000000   Number         0  cos_i.o ABSOLUTE
    ../mathlib/dunder.c                      0x00000000   Number         0  dunder.o ABSOLUTE
    ../mathlib/fpclassify.c                  0x00000000   Number         0  fpclassify.o ABSOLUTE
    ../mathlib/poly.c                        0x00000000   Number         0  poly.o ABSOLUTE
    ../mathlib/rred.c                        0x00000000   Number         0  rred.o ABSOLUTE
    ../mathlib/sin.c                         0x00000000   Number         0  sin.o ABSOLUTE
    ../mathlib/sin.c                         0x00000000   Number         0  sin_x.o ABSOLUTE
    ../mathlib/sin_i.c                       0x00000000   Number         0  sin_i.o ABSOLUTE
    ../mathlib/sin_i.c                       0x00000000   Number         0  sin_i_x.o ABSOLUTE
    ..\CORE\core_cm3.c                       0x00000000   Number         0  core_cm3.o ABSOLUTE
    ..\CORE\startup_stm32f10x_md.s           0x00000000   Number         0  startup_stm32f10x_md.o ABSOLUTE
    ..\FWLib\src\misc.c                      0x00000000   Number         0  misc.o ABSOLUTE
    ..\FWLib\src\stm32f10x_adc.c             0x00000000   Number         0  stm32f10x_adc.o ABSOLUTE
    ..\FWLib\src\stm32f10x_bkp.c             0x00000000   Number         0  stm32f10x_bkp.o ABSOLUTE
    ..\FWLib\src\stm32f10x_can.c             0x00000000   Number         0  stm32f10x_can.o ABSOLUTE
    ..\FWLib\src\stm32f10x_cec.c             0x00000000   Number         0  stm32f10x_cec.o ABSOLUTE
    ..\FWLib\src\stm32f10x_crc.c             0x00000000   Number         0  stm32f10x_crc.o ABSOLUTE
    ..\FWLib\src\stm32f10x_dac.c             0x00000000   Number         0  stm32f10x_dac.o ABSOLUTE
    ..\FWLib\src\stm32f10x_dbgmcu.c          0x00000000   Number         0  stm32f10x_dbgmcu.o ABSOLUTE
    ..\FWLib\src\stm32f10x_dma.c             0x00000000   Number         0  stm32f10x_dma.o ABSOLUTE
    ..\FWLib\src\stm32f10x_exti.c            0x00000000   Number         0  stm32f10x_exti.o ABSOLUTE
    ..\FWLib\src\stm32f10x_flash.c           0x00000000   Number         0  stm32f10x_flash.o ABSOLUTE
    ..\FWLib\src\stm32f10x_fsmc.c            0x00000000   Number         0  stm32f10x_fsmc.o ABSOLUTE
    ..\FWLib\src\stm32f10x_gpio.c            0x00000000   Number         0  stm32f10x_gpio.o ABSOLUTE
    ..\FWLib\src\stm32f10x_i2c.c             0x00000000   Number         0  stm32f10x_i2c.o ABSOLUTE
    ..\FWLib\src\stm32f10x_iwdg.c            0x00000000   Number         0  stm32f10x_iwdg.o ABSOLUTE
    ..\FWLib\src\stm32f10x_pwr.c             0x00000000   Number         0  stm32f10x_pwr.o ABSOLUTE
    ..\FWLib\src\stm32f10x_rcc.c             0x00000000   Number         0  stm32f10x_rcc.o ABSOLUTE
    ..\FWLib\src\stm32f10x_rtc.c             0x00000000   Number         0  stm32f10x_rtc.o ABSOLUTE
    ..\FWLib\src\stm32f10x_sdio.c            0x00000000   Number         0  stm32f10x_sdio.o ABSOLUTE
    ..\FWLib\src\stm32f10x_spi.c             0x00000000   Number         0  stm32f10x_spi.o ABSOLUTE
    ..\FWLib\src\stm32f10x_tim.c             0x00000000   Number         0  stm32f10x_tim.o ABSOLUTE
    ..\FWLib\src\stm32f10x_usart.c           0x00000000   Number         0  stm32f10x_usart.o ABSOLUTE
    ..\FWLib\src\stm32f10x_wwdg.c            0x00000000   Number         0  stm32f10x_wwdg.o ABSOLUTE
    ..\SYSTEM\delay\delay.c                  0x00000000   Number         0  delay.o ABSOLUTE
    ..\SYSTEM\sys\sys.c                      0x00000000   Number         0  sys.o ABSOLUTE
    ..\SYSTEM\usart\usart.c                  0x00000000   Number         0  usart.o ABSOLUTE
    ..\\CORE\\core_cm3.c                     0x00000000   Number         0  core_cm3.o ABSOLUTE
    ..\\SYSTEM\\sys\\sys.c                   0x00000000   Number         0  sys.o ABSOLUTE
    AT24Cxx.c                                0x00000000   Number         0  at24cxx.o ABSOLUTE
    button.c                                 0x00000000   Number         0  button.o ABSOLUTE
    dc.s                                     0x00000000   Number         0  dc.o ABSOLUTE
    draw_api.c                               0x00000000   Number         0  draw_api.o ABSOLUTE
    i2c.c                                    0x00000000   Number         0  i2c.o ABSOLUTE
    main.c                                   0x00000000   Number         0  main.o ABSOLUTE
    oled.c                                   0x00000000   Number         0  oled.o ABSOLUTE
    snake.c                                  0x00000000   Number         0  snake.o ABSOLUTE
    stm32f10x_it.c                           0x00000000   Number         0  stm32f10x_it.o ABSOLUTE
    system_stm32f10x.c                       0x00000000   Number         0  system_stm32f10x.o ABSOLUTE
    RESET                                    0x08000000   Section      236  startup_stm32f10x_md.o(RESET)
    !!!main                                  0x080000ec   Section        8  __main.o(!!!main)
    !!!scatter                               0x080000f4   Section       52  __scatter.o(!!!scatter)
    !!dczerorl2                              0x08000128   Section       90  __dczerorl2.o(!!dczerorl2)
    !!handler_zi                             0x08000184   Section       28  __scatter_zi.o(!!handler_zi)
    .ARM.Collect$$libinit$$00000000          0x080001a0   Section        2  libinit.o(.ARM.Collect$$libinit$$00000000)
    .ARM.Collect$$libinit$$00000002          0x080001a2   Section        0  libinit2.o(.ARM.Collect$$libinit$$00000002)
    .ARM.Collect$$libinit$$00000004          0x080001a2   Section        0  libinit2.o(.ARM.Collect$$libinit$$00000004)
    .ARM.Collect$$libinit$$00000005          0x080001a2   Section        8  libinit2.o(.ARM.Collect$$libinit$$00000005)
    .ARM.Collect$$libinit$$0000000A          0x080001aa   Section        0  libinit2.o(.ARM.Collect$$libinit$$0000000A)
    .ARM.Collect$$libinit$$0000000C          0x080001aa   Section        0  libinit2.o(.ARM.Collect$$libinit$$0000000C)
    .ARM.Collect$$libinit$$0000000E          0x080001aa   Section        0  libinit2.o(.ARM.Collect$$libinit$$0000000E)
    .ARM.Collect$$libinit$$00000011          0x080001aa   Section        0  libinit2.o(.ARM.Collect$$libinit$$00000011)
    .ARM.Collect$$libinit$$00000013          0x080001aa   Section        0  libinit2.o(.ARM.Collect$$libinit$$00000013)
    .ARM.Collect$$libinit$$00000015          0x080001aa   Section        0  libinit2.o(.ARM.Collect$$libinit$$00000015)
    .ARM.Collect$$libinit$$00000017          0x080001aa   Section        0  libinit2.o(.ARM.Collect$$libinit$$00000017)
    .ARM.Collect$$libinit$$00000019          0x080001aa   Section        0  libinit2.o(.ARM.Collect$$libinit$$00000019)
    .ARM.Collect$$libinit$$0000001B          0x080001aa   Section        0  libinit2.o(.ARM.Collect$$libinit$$0000001B)
    .ARM.Collect$$libinit$$0000001D          0x080001aa   Section        0  libinit2.o(.ARM.Collect$$libinit$$0000001D)
    .ARM.Collect$$libinit$$0000001F          0x080001aa   Section        0  libinit2.o(.ARM.Collect$$libinit$$0000001F)
    .ARM.Collect$$libinit$$00000021          0x080001aa   Section        0  libinit2.o(.ARM.Collect$$libinit$$00000021)
    .ARM.Collect$$libinit$$00000023          0x080001aa   Section        0  libinit2.o(.ARM.Collect$$libinit$$00000023)
    .ARM.Collect$$libinit$$00000025          0x080001aa   Section        0  libinit2.o(.ARM.Collect$$libinit$$00000025)
    .ARM.Collect$$libinit$$0000002C          0x080001aa   Section        0  libinit2.o(.ARM.Collect$$libinit$$0000002C)
    .ARM.Collect$$libinit$$0000002E          0x080001aa   Section        0  libinit2.o(.ARM.Collect$$libinit$$0000002E)
    .ARM.Collect$$libinit$$00000030          0x080001aa   Section        0  libinit2.o(.ARM.Collect$$libinit$$00000030)
    .ARM.Collect$$libinit$$00000032          0x080001aa   Section        0  libinit2.o(.ARM.Collect$$libinit$$00000032)
    .ARM.Collect$$libinit$$00000033          0x080001aa   Section        2  libinit2.o(.ARM.Collect$$libinit$$00000033)
    .ARM.Collect$$libshutdown$$00000000      0x080001ac   Section        2  libshutdown.o(.ARM.Collect$$libshutdown$$00000000)
    .ARM.Collect$$libshutdown$$00000002      0x080001ae   Section        0  libshutdown2.o(.ARM.Collect$$libshutdown$$00000002)
    .ARM.Collect$$libshutdown$$00000004      0x080001ae   Section        0  libshutdown2.o(.ARM.Collect$$libshutdown$$00000004)
    .ARM.Collect$$libshutdown$$00000007      0x080001ae   Section        0  libshutdown2.o(.ARM.Collect$$libshutdown$$00000007)
    .ARM.Collect$$libshutdown$$0000000A      0x080001ae   Section        0  libshutdown2.o(.ARM.Collect$$libshutdown$$0000000A)
    .ARM.Collect$$libshutdown$$0000000C      0x080001ae   Section        0  libshutdown2.o(.ARM.Collect$$libshutdown$$0000000C)
    .ARM.Collect$$libshutdown$$0000000F      0x080001ae   Section        0  libshutdown2.o(.ARM.Collect$$libshutdown$$0000000F)
    .ARM.Collect$$libshutdown$$00000010      0x080001ae   Section        2  libshutdown2.o(.ARM.Collect$$libshutdown$$00000010)
    .ARM.Collect$$rtentry$$00000000          0x080001b0   Section        0  __rtentry.o(.ARM.Collect$$rtentry$$00000000)
    .ARM.Collect$$rtentry$$00000002          0x080001b0   Section        0  __rtentry2.o(.ARM.Collect$$rtentry$$00000002)
    .ARM.Collect$$rtentry$$00000004          0x080001b0   Section        6  __rtentry4.o(.ARM.Collect$$rtentry$$00000004)
    .ARM.Collect$$rtentry$$00000009          0x080001b6   Section        0  __rtentry2.o(.ARM.Collect$$rtentry$$00000009)
    .ARM.Collect$$rtentry$$0000000A          0x080001b6   Section        4  __rtentry2.o(.ARM.Collect$$rtentry$$0000000A)
    .ARM.Collect$$rtentry$$0000000C          0x080001ba   Section        0  __rtentry2.o(.ARM.Collect$$rtentry$$0000000C)
    .ARM.Collect$$rtentry$$0000000D          0x080001ba   Section        8  __rtentry2.o(.ARM.Collect$$rtentry$$0000000D)
    .ARM.Collect$$rtexit$$00000000           0x080001c2   Section        2  rtexit.o(.ARM.Collect$$rtexit$$00000000)
    .ARM.Collect$$rtexit$$00000002           0x080001c4   Section        0  rtexit2.o(.ARM.Collect$$rtexit$$00000002)
    .ARM.Collect$$rtexit$$00000003           0x080001c4   Section        4  rtexit2.o(.ARM.Collect$$rtexit$$00000003)
    .ARM.Collect$$rtexit$$00000004           0x080001c8   Section        6  rtexit2.o(.ARM.Collect$$rtexit$$00000004)
    .emb_text                                0x080001d0   Section        0  maybetermalloc1.o(.emb_text)
    .text                                    0x080001d0   Section       64  startup_stm32f10x_md.o(.text)
    .text                                    0x08000210   Section        2  use_no_semi_2.o(.text)
    .text                                    0x08000212   Section        0  h1_alloc.o(.text)
    .text                                    0x08000270   Section        0  h1_free.o(.text)
    .text                                    0x080002be   Section        0  heapauxi.o(.text)
    .text                                    0x080002c4   Section        2  use_no_semi.o(.text)
    .text                                    0x080002c8   Section        8  rt_heap_descriptor_intlibspace.o(.text)
    .text                                    0x080002d0   Section        0  hguard.o(.text)
    .text                                    0x080002d4   Section        0  init_alloc.o(.text)
    .text                                    0x0800035e   Section        0  h1_init.o(.text)
    .text                                    0x0800036c   Section        8  libspace.o(.text)
    .text                                    0x08000374   Section        0  h1_extend.o(.text)
    .text                                    0x080003a8   Section        0  defsig_rtmem_outer.o(.text)
    .text                                    0x080003b6   Section       74  sys_stackheap_outer.o(.text)
    .text                                    0x08000400   Section        0  exit.o(.text)
    .text                                    0x08000412   Section        0  defsig_exit.o(.text)
    .text                                    0x0800041c   Section        0  defsig_rtmem_inner.o(.text)
    .text                                    0x0800046c   Section        0  defsig_general.o(.text)
    i.AT24CXX_ReadLenByte                    0x0800049e   Section        0  at24cxx.o(i.AT24CXX_ReadLenByte)
    i.AT24CXX_ReadOneByte                    0x080004c8   Section        0  at24cxx.o(i.AT24CXX_ReadOneByte)
    i.AT24CXX_WriteLenByte                   0x08000514   Section        0  at24cxx.o(i.AT24CXX_WriteLenByte)
    i.AT24CXX_WriteOneByte                   0x0800053c   Section        0  at24cxx.o(i.AT24CXX_WriteOneByte)
    i.BusFault_Handler                       0x0800057c   Section        0  stm32f10x_it.o(i.BusFault_Handler)
    i.CanvasClear                            0x08000580   Section        0  draw_api.o(i.CanvasClear)
    i.Create_FOOD                            0x0800059c   Section        0  snake.o(i.Create_FOOD)
    i.DebugMon_Handler                       0x08000604   Section        0  stm32f10x_it.o(i.DebugMon_Handler)
    i.DisPlay                                0x08000608   Section        0  draw_api.o(i.DisPlay)
    i.Draw_Line                              0x08000620   Section        0  draw_api.o(i.Draw_Line)
    i.Draw_Point                             0x08000728   Section        0  draw_api.o(i.Draw_Point)
    i.Draw_Rect                              0x08000764   Section        0  draw_api.o(i.Draw_Rect)
    i.Draw_Snake_Point                       0x080007d8   Section        0  snake.o(i.Draw_Snake_Point)
    i.EXTI0_IRQHandler                       0x08000808   Section        0  main.o(i.EXTI0_IRQHandler)
    i.EXTI1_IRQHandler                       0x08000838   Section        0  main.o(i.EXTI1_IRQHandler)
    i.EXTI2_IRQHandler                       0x08000868   Section        0  main.o(i.EXTI2_IRQHandler)
    i.EXTI3_IRQHandler                       0x08000898   Section        0  main.o(i.EXTI3_IRQHandler)
    i.EXTI9_5_IRQHandler                     0x080008c8   Section        0  main.o(i.EXTI9_5_IRQHandler)
    i.EXTI_ClearITPendingBit                 0x080009e0   Section        0  stm32f10x_exti.o(i.EXTI_ClearITPendingBit)
    i.EXTI_Init                              0x080009ec   Section        0  stm32f10x_exti.o(i.EXTI_Init)
    i.GPIO_EXTILineConfig                    0x08000a80   Section        0  stm32f10x_gpio.o(i.GPIO_EXTILineConfig)
    i.GPIO_Init                              0x08000ac0   Section        0  stm32f10x_gpio.o(i.GPIO_Init)
    i.GPIO_ReadInputDataBit                  0x08000bd6   Section        0  stm32f10x_gpio.o(i.GPIO_ReadInputDataBit)
    i.GPIO_ResetBits                         0x08000be8   Section        0  stm32f10x_gpio.o(i.GPIO_ResetBits)
    i.GPIO_SetBits                           0x08000bec   Section        0  stm32f10x_gpio.o(i.GPIO_SetBits)
    i.GameCir                                0x08000bf0   Section        0  snake.o(i.GameCir)
    i.HardFault_Handler                      0x08000cd8   Section        0  stm32f10x_it.o(i.HardFault_Handler)
    i.IF_Get_Food                            0x08000cdc   Section        0  snake.o(i.IF_Get_Food)
    i.IF_Hit                                 0x08000d1c   Section        0  snake.o(i.IF_Hit)
    i.IIC_Ack                                0x08000d60   Section        0  i2c.o(i.IIC_Ack)
    i.IIC_NAck                               0x08000db0   Section        0  i2c.o(i.IIC_NAck)
    i.IIC_Read_Byte                          0x08000e00   Section        0  i2c.o(i.IIC_Read_Byte)
    i.IIC_Send_Byte                          0x08000e70   Section        0  i2c.o(i.IIC_Send_Byte)
    i.IIC_Start                              0x08000ed8   Section        0  i2c.o(i.IIC_Start)
    i.IIC_Stop                               0x08000f24   Section        0  i2c.o(i.IIC_Stop)
    i.IIC_Wait_Ack                           0x08000f70   Section        0  i2c.o(i.IIC_Wait_Ack)
    i.MemManage_Handler                      0x08000fd4   Section        0  stm32f10x_it.o(i.MemManage_Handler)
    i.Menu                                   0x08000fd8   Section        0  main.o(i.Menu)
    i.My_Exit_Init                           0x08001058   Section        0  button.o(i.My_Exit_Init)
    i.NMI_Handler                            0x0800120c   Section        0  stm32f10x_it.o(i.NMI_Handler)
    i.NVIC_Init                              0x08001210   Section        0  misc.o(i.NVIC_Init)
    i.NVIC_PriorityGroupConfig               0x08001280   Section        0  misc.o(i.NVIC_PriorityGroupConfig)
    i.OLED_Clear                             0x08001294   Section        0  oled.o(i.OLED_Clear)
    i.OLED_DrawBMP                           0x080012d4   Section        0  oled.o(i.OLED_DrawBMP)
    i.OLED_Init                              0x08001358   Section        0  oled.o(i.OLED_Init)
    i.OLED_Set_Pos                           0x080014d4   Section        0  oled.o(i.OLED_Set_Pos)
    i.OLED_ShowChar                          0x08001504   Section        0  oled.o(i.OLED_ShowChar)
    i.OLED_ShowCharRAM                       0x08001558   Section        0  draw_api.o(i.OLED_ShowCharRAM)
    i.OLED_ShowChar_Reverse                  0x080015e8   Section        0  oled.o(i.OLED_ShowChar_Reverse)
    i.OLED_ShowNumRAM                        0x08001640   Section        0  draw_api.o(i.OLED_ShowNumRAM)
    i.OLED_ShowStrRAM                        0x080016cc   Section        0  draw_api.o(i.OLED_ShowStrRAM)
    i.OLED_ShowString                        0x08001714   Section        0  oled.o(i.OLED_ShowString)
    i.OLED_ShowString_Reverse                0x08001778   Section        0  oled.o(i.OLED_ShowString_Reverse)
    i.OLED_WR_Byte                           0x080017dc   Section        0  oled.o(i.OLED_WR_Byte)
    i.PendSV_Handler                         0x08001850   Section        0  stm32f10x_it.o(i.PendSV_Handler)
    i.RCC_APB1PeriphClockCmd                 0x08001854   Section        0  stm32f10x_rcc.o(i.RCC_APB1PeriphClockCmd)
    i.RCC_APB2PeriphClockCmd                 0x08001874   Section        0  stm32f10x_rcc.o(i.RCC_APB2PeriphClockCmd)
    i.SVC_Handler                            0x08001894   Section        0  stm32f10x_it.o(i.SVC_Handler)
    i.SetSysClock                            0x08001896   Section        0  system_stm32f10x.o(i.SetSysClock)
    SetSysClock                              0x08001897   Thumb Code     8  system_stm32f10x.o(i.SetSysClock)
    i.SetSysClockTo72                        0x080018a0   Section        0  system_stm32f10x.o(i.SetSysClockTo72)
    SetSysClockTo72                          0x080018a1   Thumb Code   214  system_stm32f10x.o(i.SetSysClockTo72)
    i.Snake_FOOD_Init                        0x08001980   Section        0  snake.o(i.Snake_FOOD_Init)
    i.Snake_Move                             0x08001a58   Section        0  snake.o(i.Snake_Move)
    i.SysTick_Handler                        0x08001df8   Section        0  stm32f10x_it.o(i.SysTick_Handler)
    i.SystemInit                             0x08001dfc   Section        0  system_stm32f10x.o(i.SystemInit)
    i.TIM2_Init                              0x08001e5c   Section        0  snake.o(i.TIM2_Init)
    i.TIM3_Init                              0x08001e90   Section        0  snake.o(i.TIM3_Init)
    i.TIM_Cmd                                0x08001ec8   Section        0  stm32f10x_tim.o(i.TIM_Cmd)
    i.TIM_TimeBaseInit                       0x08001ee0   Section        0  stm32f10x_tim.o(i.TIM_TimeBaseInit)
    i.USART1_IRQHandler                      0x08001f84   Section        0  usart.o(i.USART1_IRQHandler)
    i.UsageFault_Handler                     0x08002008   Section        0  stm32f10x_it.o(i.UsageFault_Handler)
    i._sys_exit                              0x0800200c   Section        0  usart.o(i._sys_exit)
    i._ttywrch                               0x08002010   Section        0  usart.o(i._ttywrch)
    i.delay_init                             0x08002014   Section        0  delay.o(i.delay_init)
    i.delay_ms                               0x08002054   Section        0  delay.o(i.delay_ms)
    i.delay_us                               0x08002090   Section        0  delay.o(i.delay_us)
    i.func_x                                 0x080020cc   Section        0  draw_api.o(i.func_x)
    i.func_y                                 0x08002164   Section        0  draw_api.o(i.func_y)
    i.main                                   0x080021fc   Section        0  main.o(i.main)
    i.oled_pow                               0x080022f8   Section        0  draw_api.o(i.oled_pow)
    x$fpl$d2f                                0x08002310   Section       98  d2f.o(x$fpl$d2f)
    x$fpl$dadd                               0x08002374   Section      336  daddsub_clz.o(x$fpl$dadd)
    _dadd1                                   0x08002385   Thumb Code     0  daddsub_clz.o(x$fpl$dadd)
    x$fpl$dcmpinf                            0x080024c4   Section       24  dcmpi.o(x$fpl$dcmpinf)
    x$fpl$dleqf                              0x080024dc   Section      120  dleqf.o(x$fpl$dleqf)
    x$fpl$dnaninf                            0x08002554   Section      156  dnaninf.o(x$fpl$dnaninf)
    x$fpl$dretinf                            0x080025f0   Section       12  dretinf.o(x$fpl$dretinf)
    x$fpl$drleqf                             0x080025fc   Section      108  drleqf.o(x$fpl$drleqf)
    x$fpl$dsub                               0x08002668   Section      468  daddsub_clz.o(x$fpl$dsub)
    _dsub1                                   0x08002679   Thumb Code     0  daddsub_clz.o(x$fpl$dsub)
    x$fpl$f2d                                0x0800283c   Section       86  f2d.o(x$fpl$f2d)
    x$fpl$fadd                               0x08002894   Section      196  faddsub_clz.o(x$fpl$fadd)
    _fadd1                                   0x080028a3   Thumb Code     0  faddsub_clz.o(x$fpl$fadd)
    x$fpl$fdiv                               0x08002958   Section      388  fdiv.o(x$fpl$fdiv)
    _fdiv1                                   0x08002959   Thumb Code     0  fdiv.o(x$fpl$fdiv)
    x$fpl$ffixu                              0x08002adc   Section       62  ffixu.o(x$fpl$ffixu)
    x$fpl$fflt                               0x08002b1c   Section       48  fflt_clz.o(x$fpl$fflt)
    x$fpl$ffltu                              0x08002b4c   Section       38  fflt_clz.o(x$fpl$ffltu)
    x$fpl$fmul                               0x08002b74   Section      258  fmul.o(x$fpl$fmul)
    x$fpl$fnaninf                            0x08002c76   Section      140  fnaninf.o(x$fpl$fnaninf)
    x$fpl$fretinf                            0x08002d02   Section       10  fretinf.o(x$fpl$fretinf)
    x$fpl$fsub                               0x08002d0c   Section      234  faddsub_clz.o(x$fpl$fsub)
    _fsub1                                   0x08002d1b   Thumb Code     0  faddsub_clz.o(x$fpl$fsub)
    .constdata                               0x08002df6   Section     2048  main.o(.constdata)
    x$fpl$usenofp                            0x08002df6   Section        0  usenofp.o(x$fpl$usenofp)
    .constdata                               0x080035f6   Section     2072  oled.o(.constdata)
    .constdata                               0x08003e0e   Section     2104  draw_api.o(.constdata)
    .data                                    0x20000000   Section     1026  main.o(.data)
    .data                                    0x20000404   Section       25  snake.o(.data)
    .data                                    0x2000041e   Section        4  delay.o(.data)
    fac_us                                   0x2000041e   Data           1  delay.o(.data)
    fac_ms                                   0x20000420   Data           2  delay.o(.data)
    .data                                    0x20000424   Section        6  usart.o(.data)
    .bss                                     0x2000042c   Section     1024  draw_api.o(.bss)
    .bss                                     0x2000082c   Section      200  usart.o(.bss)
    .bss                                     0x200008f4   Section       96  libspace.o(.bss)
    HEAP                                     0x20000958   Section     4096  startup_stm32f10x_md.o(HEAP)
    Heap_Mem                                 0x20000958   Data        4096  startup_stm32f10x_md.o(HEAP)
    STACK                                    0x20001958   Section     1024  startup_stm32f10x_md.o(STACK)
    Stack_Mem                                0x20001958   Data        1024  startup_stm32f10x_md.o(STACK)
    __initial_sp                             0x20001d58   Data           0  startup_stm32f10x_md.o(STACK)

    Global Symbols

    Symbol Name                              Value     Ov Type        Size  Object(Section)

    BuildAttributes$$THM_ISAv4$P$D$K$B$S$PE$A:L22UL41UL21$X:L11$S22US41US21$IEEE1$IW$USESV6$~STKCKD$USESV7$~SHL$OTIME$ROPI$IEEEX$EBA8$UX$STANDARDLIB$REQ8$PRES8$EABIv2 0x00000000   Number         0  anon$$obj.o ABSOLUTE
    __ARM_use_no_argv                        0x00000000   Number         0  main.o ABSOLUTE
    __ARM_exceptions_init                     - Undefined Weak Reference
    __alloca_initialize                       - Undefined Weak Reference
    __arm_preinit_                            - Undefined Weak Reference
    __cpp_initialize__aeabi_                  - Undefined Weak Reference
    __cxa_finalize                            - Undefined Weak Reference
    __rt_locale                               - Undefined Weak Reference
    __sigvec_lookup                           - Undefined Weak Reference
    __user_heap_extent                        - Undefined Weak Reference
    _atexit_init                              - Undefined Weak Reference
    _call_atexit_fns                          - Undefined Weak Reference
    _clock_init                               - Undefined Weak Reference
    _fp_trap_init                             - Undefined Weak Reference
    _fp_trap_shutdown                         - Undefined Weak Reference
    _get_lc_collate                           - Undefined Weak Reference
    _get_lc_ctype                             - Undefined Weak Reference
    _get_lc_monetary                          - Undefined Weak Reference
    _get_lc_numeric                           - Undefined Weak Reference
    _get_lc_time                              - Undefined Weak Reference
    _getenv_init                              - Undefined Weak Reference
    _handle_redirection                       - Undefined Weak Reference
    _initio                                   - Undefined Weak Reference
    _mutex_acquire                            - Undefined Weak Reference
    _mutex_free                               - Undefined Weak Reference
    _mutex_release                            - Undefined Weak Reference
    _rand_init                                - Undefined Weak Reference
    _signal_finish                            - Undefined Weak Reference
    _signal_init                              - Undefined Weak Reference
    _terminateio                              - Undefined Weak Reference
    __Vectors_Size                           0x000000ec   Number         0  startup_stm32f10x_md.o ABSOLUTE
    __Vectors                                0x08000000   Data           4  startup_stm32f10x_md.o(RESET)
    __Vectors_End                            0x080000ec   Data           0  startup_stm32f10x_md.o(RESET)
    __main                                   0x080000ed   Thumb Code     8  __main.o(!!!main)
    __scatterload                            0x080000f5   Thumb Code     0  __scatter.o(!!!scatter)
    __scatterload_rt2                        0x080000f5   Thumb Code    44  __scatter.o(!!!scatter)
    __scatterload_rt2_thumb_only             0x080000f5   Thumb Code     0  __scatter.o(!!!scatter)
    __scatterload_null                       0x08000103   Thumb Code     0  __scatter.o(!!!scatter)
    __decompress                             0x08000129   Thumb Code    90  __dczerorl2.o(!!dczerorl2)
    __decompress1                            0x08000129   Thumb Code     0  __dczerorl2.o(!!dczerorl2)
    __scatterload_zeroinit                   0x08000185   Thumb Code    28  __scatter_zi.o(!!handler_zi)
    __rt_lib_init                            0x080001a1   Thumb Code     0  libinit.o(.ARM.Collect$$libinit$$00000000)
    __rt_lib_init_fp_1                       0x080001a3   Thumb Code     0  libinit2.o(.ARM.Collect$$libinit$$00000002)
    __rt_lib_init_heap_2                     0x080001a3   Thumb Code     0  libinit2.o(.ARM.Collect$$libinit$$00000005)
    __rt_lib_init_preinit_1                  0x080001a3   Thumb Code     0  libinit2.o(.ARM.Collect$$libinit$$00000004)
    __rt_lib_init_alloca_1                   0x080001ab   Thumb Code     0  libinit2.o(.ARM.Collect$$libinit$$0000002E)
    __rt_lib_init_argv_1                     0x080001ab   Thumb Code     0  libinit2.o(.ARM.Collect$$libinit$$0000002C)
    __rt_lib_init_atexit_1                   0x080001ab   Thumb Code     0  libinit2.o(.ARM.Collect$$libinit$$0000001B)
    __rt_lib_init_clock_1                    0x080001ab   Thumb Code     0  libinit2.o(.ARM.Collect$$libinit$$00000021)
    __rt_lib_init_cpp_1                      0x080001ab   Thumb Code     0  libinit2.o(.ARM.Collect$$libinit$$00000032)
    __rt_lib_init_exceptions_1               0x080001ab   Thumb Code     0  libinit2.o(.ARM.Collect$$libinit$$00000030)
    __rt_lib_init_fp_trap_1                  0x080001ab   Thumb Code     0  libinit2.o(.ARM.Collect$$libinit$$0000001F)
    __rt_lib_init_getenv_1                   0x080001ab   Thumb Code     0  libinit2.o(.ARM.Collect$$libinit$$00000023)
    __rt_lib_init_heap_1                     0x080001ab   Thumb Code     0  libinit2.o(.ARM.Collect$$libinit$$0000000A)
    __rt_lib_init_lc_collate_1               0x080001ab   Thumb Code     0  libinit2.o(.ARM.Collect$$libinit$$00000011)
    __rt_lib_init_lc_ctype_1                 0x080001ab   Thumb Code     0  libinit2.o(.ARM.Collect$$libinit$$00000013)
    __rt_lib_init_lc_monetary_1              0x080001ab   Thumb Code     0  libinit2.o(.ARM.Collect$$libinit$$00000015)
    __rt_lib_init_lc_numeric_1               0x080001ab   Thumb Code     0  libinit2.o(.ARM.Collect$$libinit$$00000017)
    __rt_lib_init_lc_time_1                  0x080001ab   Thumb Code     0  libinit2.o(.ARM.Collect$$libinit$$00000019)
    __rt_lib_init_rand_1                     0x080001ab   Thumb Code     0  libinit2.o(.ARM.Collect$$libinit$$0000000E)
    __rt_lib_init_return                     0x080001ab   Thumb Code     0  libinit2.o(.ARM.Collect$$libinit$$00000033)
    __rt_lib_init_signal_1                   0x080001ab   Thumb Code     0  libinit2.o(.ARM.Collect$$libinit$$0000001D)
    __rt_lib_init_stdio_1                    0x080001ab   Thumb Code     0  libinit2.o(.ARM.Collect$$libinit$$00000025)
    __rt_lib_init_user_alloc_1               0x080001ab   Thumb Code     0  libinit2.o(.ARM.Collect$$libinit$$0000000C)
    __rt_lib_shutdown                        0x080001ad   Thumb Code     0  libshutdown.o(.ARM.Collect$$libshutdown$$00000000)
    __rt_lib_shutdown_cpp_1                  0x080001af   Thumb Code     0  libshutdown2.o(.ARM.Collect$$libshutdown$$00000002)
    __rt_lib_shutdown_fp_trap_1              0x080001af   Thumb Code     0  libshutdown2.o(.ARM.Collect$$libshutdown$$00000007)
    __rt_lib_shutdown_heap_1                 0x080001af   Thumb Code     0  libshutdown2.o(.ARM.Collect$$libshutdown$$0000000F)
    __rt_lib_shutdown_return                 0x080001af   Thumb Code     0  libshutdown2.o(.ARM.Collect$$libshutdown$$00000010)
    __rt_lib_shutdown_signal_1               0x080001af   Thumb Code     0  libshutdown2.o(.ARM.Collect$$libshutdown$$0000000A)
    __rt_lib_shutdown_stdio_1                0x080001af   Thumb Code     0  libshutdown2.o(.ARM.Collect$$libshutdown$$00000004)
    __rt_lib_shutdown_user_alloc_1           0x080001af   Thumb Code     0  libshutdown2.o(.ARM.Collect$$libshutdown$$0000000C)
    __rt_entry                               0x080001b1   Thumb Code     0  __rtentry.o(.ARM.Collect$$rtentry$$00000000)
    __rt_entry_presh_1                       0x080001b1   Thumb Code     0  __rtentry2.o(.ARM.Collect$$rtentry$$00000002)
    __rt_entry_sh                            0x080001b1   Thumb Code     0  __rtentry4.o(.ARM.Collect$$rtentry$$00000004)
    __rt_entry_li                            0x080001b7   Thumb Code     0  __rtentry2.o(.ARM.Collect$$rtentry$$0000000A)
    __rt_entry_postsh_1                      0x080001b7   Thumb Code     0  __rtentry2.o(.ARM.Collect$$rtentry$$00000009)
    __rt_entry_main                          0x080001bb   Thumb Code     0  __rtentry2.o(.ARM.Collect$$rtentry$$0000000D)
    __rt_entry_postli_1                      0x080001bb   Thumb Code     0  __rtentry2.o(.ARM.Collect$$rtentry$$0000000C)
    __rt_exit                                0x080001c3   Thumb Code     0  rtexit.o(.ARM.Collect$$rtexit$$00000000)
    __rt_exit_ls                             0x080001c5   Thumb Code     0  rtexit2.o(.ARM.Collect$$rtexit$$00000003)
    __rt_exit_prels_1                        0x080001c5   Thumb Code     0  rtexit2.o(.ARM.Collect$$rtexit$$00000002)
    __rt_exit_exit                           0x080001c9   Thumb Code     0  rtexit2.o(.ARM.Collect$$rtexit$$00000004)
    Reset_Handler                            0x080001d1   Thumb Code     8  startup_stm32f10x_md.o(.text)
    _maybe_terminate_alloc                   0x080001d1   Thumb Code     0  maybetermalloc1.o(.emb_text)
    ADC1_2_IRQHandler                        0x080001eb   Thumb Code     0  startup_stm32f10x_md.o(.text)
    CAN1_RX1_IRQHandler                      0x080001eb   Thumb Code     0  startup_stm32f10x_md.o(.text)
    CAN1_SCE_IRQHandler                      0x080001eb   Thumb Code     0  startup_stm32f10x_md.o(.text)
    DMA1_Channel1_IRQHandler                 0x080001eb   Thumb Code     0  startup_stm32f10x_md.o(.text)
    DMA1_Channel2_IRQHandler                 0x080001eb   Thumb Code     0  startup_stm32f10x_md.o(.text)
    DMA1_Channel3_IRQHandler                 0x080001eb   Thumb Code     0  startup_stm32f10x_md.o(.text)
    DMA1_Channel4_IRQHandler                 0x080001eb   Thumb Code     0  startup_stm32f10x_md.o(.text)
    DMA1_Channel5_IRQHandler                 0x080001eb   Thumb Code     0  startup_stm32f10x_md.o(.text)
    DMA1_Channel6_IRQHandler                 0x080001eb   Thumb Code     0  startup_stm32f10x_md.o(.text)
    DMA1_Channel7_IRQHandler                 0x080001eb   Thumb Code     0  startup_stm32f10x_md.o(.text)
    EXTI15_10_IRQHandler                     0x080001eb   Thumb Code     0  startup_stm32f10x_md.o(.text)
    EXTI4_IRQHandler                         0x080001eb   Thumb Code     0  startup_stm32f10x_md.o(.text)
    FLASH_IRQHandler                         0x080001eb   Thumb Code     0  startup_stm32f10x_md.o(.text)
    I2C1_ER_IRQHandler                       0x080001eb   Thumb Code     0  startup_stm32f10x_md.o(.text)
    I2C1_EV_IRQHandler                       0x080001eb   Thumb Code     0  startup_stm32f10x_md.o(.text)
    I2C2_ER_IRQHandler                       0x080001eb   Thumb Code     0  startup_stm32f10x_md.o(.text)
    I2C2_EV_IRQHandler                       0x080001eb   Thumb Code     0  startup_stm32f10x_md.o(.text)
    PVD_IRQHandler                           0x080001eb   Thumb Code     0  startup_stm32f10x_md.o(.text)
    RCC_IRQHandler                           0x080001eb   Thumb Code     0  startup_stm32f10x_md.o(.text)
    RTCAlarm_IRQHandler                      0x080001eb   Thumb Code     0  startup_stm32f10x_md.o(.text)
    RTC_IRQHandler                           0x080001eb   Thumb Code     0  startup_stm32f10x_md.o(.text)
    SPI1_IRQHandler                          0x080001eb   Thumb Code     0  startup_stm32f10x_md.o(.text)
    SPI2_IRQHandler                          0x080001eb   Thumb Code     0  startup_stm32f10x_md.o(.text)
    TAMPER_IRQHandler                        0x080001eb   Thumb Code     0  startup_stm32f10x_md.o(.text)
    TIM1_BRK_IRQHandler                      0x080001eb   Thumb Code     0  startup_stm32f10x_md.o(.text)
    TIM1_CC_IRQHandler                       0x080001eb   Thumb Code     0  startup_stm32f10x_md.o(.text)
    TIM1_TRG_COM_IRQHandler                  0x080001eb   Thumb Code     0  startup_stm32f10x_md.o(.text)
    TIM1_UP_IRQHandler                       0x080001eb   Thumb Code     0  startup_stm32f10x_md.o(.text)
    TIM2_IRQHandler                          0x080001eb   Thumb Code     0  startup_stm32f10x_md.o(.text)
    TIM3_IRQHandler                          0x080001eb   Thumb Code     0  startup_stm32f10x_md.o(.text)
    TIM4_IRQHandler                          0x080001eb   Thumb Code     0  startup_stm32f10x_md.o(.text)
    USART2_IRQHandler                        0x080001eb   Thumb Code     0  startup_stm32f10x_md.o(.text)
    USART3_IRQHandler                        0x080001eb   Thumb Code     0  startup_stm32f10x_md.o(.text)
    USBWakeUp_IRQHandler                     0x080001eb   Thumb Code     0  startup_stm32f10x_md.o(.text)
    USB_HP_CAN1_TX_IRQHandler                0x080001eb   Thumb Code     0  startup_stm32f10x_md.o(.text)
    USB_LP_CAN1_RX0_IRQHandler               0x080001eb   Thumb Code     0  startup_stm32f10x_md.o(.text)
    WWDG_IRQHandler                          0x080001eb   Thumb Code     0  startup_stm32f10x_md.o(.text)
    __user_initial_stackheap                 0x080001ed   Thumb Code     0  startup_stm32f10x_md.o(.text)
    __use_no_semihosting                     0x08000211   Thumb Code     2  use_no_semi_2.o(.text)
    malloc                                   0x08000213   Thumb Code    94  h1_alloc.o(.text)
    free                                     0x08000271   Thumb Code    78  h1_free.o(.text)
    __use_two_region_memory                  0x080002bf   Thumb Code     2  heapauxi.o(.text)
    __rt_heap_escrow                         0x080002c1   Thumb Code     2  heapauxi.o(.text)
    __rt_heap_expand                         0x080002c3   Thumb Code     2  heapauxi.o(.text)
    __I$use$semihosting                      0x080002c5   Thumb Code     0  use_no_semi.o(.text)
    __use_no_semihosting_swi                 0x080002c5   Thumb Code     2  use_no_semi.o(.text)
    __rt_heap_descriptor                     0x080002c9   Thumb Code     8  rt_heap_descriptor_intlibspace.o(.text)
    __use_no_heap                            0x080002d1   Thumb Code     2  hguard.o(.text)
    __heap$guard                             0x080002d3   Thumb Code     2  hguard.o(.text)
    _terminate_user_alloc                    0x080002d5   Thumb Code     2  init_alloc.o(.text)
    _init_user_alloc                         0x080002d7   Thumb Code     2  init_alloc.o(.text)
    __Heap_Full                              0x080002d9   Thumb Code    34  init_alloc.o(.text)
    __Heap_Broken                            0x080002fb   Thumb Code     6  init_alloc.o(.text)
    _init_alloc                              0x08000301   Thumb Code    94  init_alloc.o(.text)
    __Heap_Initialize                        0x0800035f   Thumb Code    10  h1_init.o(.text)
    __Heap_DescSize                          0x08000369   Thumb Code     4  h1_init.o(.text)
    __user_libspace                          0x0800036d   Thumb Code     8  libspace.o(.text)
    __user_perproc_libspace                  0x0800036d   Thumb Code     0  libspace.o(.text)
    __user_perthread_libspace                0x0800036d   Thumb Code     0  libspace.o(.text)
    __Heap_ProvideMemory                     0x08000375   Thumb Code    52  h1_extend.o(.text)
    __rt_SIGRTMEM                            0x080003a9   Thumb Code    14  defsig_rtmem_outer.o(.text)
    __user_setup_stackheap                   0x080003b7   Thumb Code    74  sys_stackheap_outer.o(.text)
    exit                                     0x08000401   Thumb Code    18  exit.o(.text)
    __sig_exit                               0x08000413   Thumb Code    10  defsig_exit.o(.text)
    __rt_SIGRTMEM_inner                      0x0800041d   Thumb Code    22  defsig_rtmem_inner.o(.text)
    __default_signal_display                 0x0800046d   Thumb Code    50  defsig_general.o(.text)
    AT24CXX_ReadLenByte                      0x0800049f   Thumb Code    42  at24cxx.o(i.AT24CXX_ReadLenByte)
    AT24CXX_ReadOneByte                      0x080004c9   Thumb Code    76  at24cxx.o(i.AT24CXX_ReadOneByte)
    AT24CXX_WriteLenByte                     0x08000515   Thumb Code    40  at24cxx.o(i.AT24CXX_WriteLenByte)
    AT24CXX_WriteOneByte                     0x0800053d   Thumb Code    64  at24cxx.o(i.AT24CXX_WriteOneByte)
    BusFault_Handler                         0x0800057d   Thumb Code     4  stm32f10x_it.o(i.BusFault_Handler)
    CanvasClear                              0x08000581   Thumb Code    22  draw_api.o(i.CanvasClear)
    Create_FOOD                              0x0800059d   Thumb Code    94  snake.o(i.Create_FOOD)
    DebugMon_Handler                         0x08000605   Thumb Code     2  stm32f10x_it.o(i.DebugMon_Handler)
    DisPlay                                  0x08000609   Thumb Code    20  draw_api.o(i.DisPlay)
    Draw_Line                                0x08000621   Thumb Code   256  draw_api.o(i.Draw_Line)
    Draw_Point                               0x08000729   Thumb Code    54  draw_api.o(i.Draw_Point)
    Draw_Rect                                0x08000765   Thumb Code   116  draw_api.o(i.Draw_Rect)
    Draw_Snake_Point                         0x080007d9   Thumb Code    48  snake.o(i.Draw_Snake_Point)
    EXTI0_IRQHandler                         0x08000809   Thumb Code    40  main.o(i.EXTI0_IRQHandler)
    EXTI1_IRQHandler                         0x08000839   Thumb Code    40  main.o(i.EXTI1_IRQHandler)
    EXTI2_IRQHandler                         0x08000869   Thumb Code    40  main.o(i.EXTI2_IRQHandler)
    EXTI3_IRQHandler                         0x08000899   Thumb Code    40  main.o(i.EXTI3_IRQHandler)
    EXTI9_5_IRQHandler                       0x080008c9   Thumb Code   260  main.o(i.EXTI9_5_IRQHandler)
    EXTI_ClearITPendingBit                   0x080009e1   Thumb Code     6  stm32f10x_exti.o(i.EXTI_ClearITPendingBit)
    EXTI_Init                                0x080009ed   Thumb Code   142  stm32f10x_exti.o(i.EXTI_Init)
    GPIO_EXTILineConfig                      0x08000a81   Thumb Code    60  stm32f10x_gpio.o(i.GPIO_EXTILineConfig)
    GPIO_Init                                0x08000ac1   Thumb Code   278  stm32f10x_gpio.o(i.GPIO_Init)
    GPIO_ReadInputDataBit                    0x08000bd7   Thumb Code    18  stm32f10x_gpio.o(i.GPIO_ReadInputDataBit)
    GPIO_ResetBits                           0x08000be9   Thumb Code     4  stm32f10x_gpio.o(i.GPIO_ResetBits)
    GPIO_SetBits                             0x08000bed   Thumb Code     4  stm32f10x_gpio.o(i.GPIO_SetBits)
    GameCir                                  0x08000bf1   Thumb Code   216  snake.o(i.GameCir)
    HardFault_Handler                        0x08000cd9   Thumb Code     2  stm32f10x_it.o(i.HardFault_Handler)
    IF_Get_Food                              0x08000cdd   Thumb Code    52  snake.o(i.IF_Get_Food)
    IF_Hit                                   0x08000d1d   Thumb Code    60  snake.o(i.IF_Hit)
    IIC_Ack                                  0x08000d61   Thumb Code    66  i2c.o(i.IIC_Ack)
    IIC_NAck                                 0x08000db1   Thumb Code    66  i2c.o(i.IIC_NAck)
    IIC_Read_Byte                            0x08000e01   Thumb Code    98  i2c.o(i.IIC_Read_Byte)
    IIC_Send_Byte                            0x08000e71   Thumb Code    90  i2c.o(i.IIC_Send_Byte)
    IIC_Start                                0x08000ed9   Thumb Code    64  i2c.o(i.IIC_Start)
    IIC_Stop                                 0x08000f25   Thumb Code    64  i2c.o(i.IIC_Stop)
    IIC_Wait_Ack                             0x08000f71   Thumb Code    86  i2c.o(i.IIC_Wait_Ack)
    MemManage_Handler                        0x08000fd5   Thumb Code     4  stm32f10x_it.o(i.MemManage_Handler)
    Menu                                     0x08000fd9   Thumb Code    94  main.o(i.Menu)
    My_Exit_Init                             0x08001059   Thumb Code   426  button.o(i.My_Exit_Init)
    NMI_Handler                              0x0800120d   Thumb Code     2  stm32f10x_it.o(i.NMI_Handler)
    NVIC_Init                                0x08001211   Thumb Code   100  misc.o(i.NVIC_Init)
    NVIC_PriorityGroupConfig                 0x08001281   Thumb Code    10  misc.o(i.NVIC_PriorityGroupConfig)
    OLED_Clear                               0x08001295   Thumb Code    64  oled.o(i.OLED_Clear)
    OLED_DrawBMP                             0x080012d5   Thumb Code   130  oled.o(i.OLED_DrawBMP)
    OLED_Init                                0x08001359   Thumb Code   372  oled.o(i.OLED_Init)
    OLED_Set_Pos                             0x080014d5   Thumb Code    46  oled.o(i.OLED_Set_Pos)
    OLED_ShowChar                            0x08001505   Thumb Code    78  oled.o(i.OLED_ShowChar)
    OLED_ShowCharRAM                         0x08001559   Thumb Code   132  draw_api.o(i.OLED_ShowCharRAM)
    OLED_ShowChar_Reverse                    0x080015e9   Thumb Code    82  oled.o(i.OLED_ShowChar_Reverse)
    OLED_ShowNumRAM                          0x08001641   Thumb Code   140  draw_api.o(i.OLED_ShowNumRAM)
    OLED_ShowStrRAM                          0x080016cd   Thumb Code    72  draw_api.o(i.OLED_ShowStrRAM)
    OLED_ShowString                          0x08001715   Thumb Code   100  oled.o(i.OLED_ShowString)
    OLED_ShowString_Reverse                  0x08001779   Thumb Code   100  oled.o(i.OLED_ShowString_Reverse)
    OLED_WR_Byte                             0x080017dd   Thumb Code   108  oled.o(i.OLED_WR_Byte)
    PendSV_Handler                           0x08001851   Thumb Code     2  stm32f10x_it.o(i.PendSV_Handler)
    RCC_APB1PeriphClockCmd                   0x08001855   Thumb Code    26  stm32f10x_rcc.o(i.RCC_APB1PeriphClockCmd)
    RCC_APB2PeriphClockCmd                   0x08001875   Thumb Code    26  stm32f10x_rcc.o(i.RCC_APB2PeriphClockCmd)
    SVC_Handler                              0x08001895   Thumb Code     2  stm32f10x_it.o(i.SVC_Handler)
    Snake_FOOD_Init                          0x08001981   Thumb Code   192  snake.o(i.Snake_FOOD_Init)
    Snake_Move                               0x08001a59   Thumb Code   906  snake.o(i.Snake_Move)
    SysTick_Handler                          0x08001df9   Thumb Code     2  stm32f10x_it.o(i.SysTick_Handler)
    SystemInit                               0x08001dfd   Thumb Code    78  system_stm32f10x.o(i.SystemInit)
    TIM2_Init                                0x08001e5d   Thumb Code    52  snake.o(i.TIM2_Init)
    TIM3_Init                                0x08001e91   Thumb Code    50  snake.o(i.TIM3_Init)
    TIM_Cmd                                  0x08001ec9   Thumb Code    24  stm32f10x_tim.o(i.TIM_Cmd)
    TIM_TimeBaseInit                         0x08001ee1   Thumb Code   122  stm32f10x_tim.o(i.TIM_TimeBaseInit)
    USART1_IRQHandler                        0x08001f85   Thumb Code   118  usart.o(i.USART1_IRQHandler)
    UsageFault_Handler                       0x08002009   Thumb Code     4  stm32f10x_it.o(i.UsageFault_Handler)
    _sys_exit                                0x0800200d   Thumb Code     4  usart.o(i._sys_exit)
    _ttywrch                                 0x08002011   Thumb Code     4  usart.o(i._ttywrch)
    delay_init                               0x08002015   Thumb Code    56  delay.o(i.delay_init)
    delay_ms                                 0x08002055   Thumb Code    56  delay.o(i.delay_ms)
    delay_us                                 0x08002091   Thumb Code    56  delay.o(i.delay_us)
    func_x                                   0x080020cd   Thumb Code   148  draw_api.o(i.func_x)
    func_y                                   0x08002165   Thumb Code   148  draw_api.o(i.func_y)
    main                                     0x080021fd   Thumb Code   200  main.o(i.main)
    oled_pow                                 0x080022f9   Thumb Code    22  draw_api.o(i.oled_pow)
    __aeabi_d2f                              0x08002311   Thumb Code     0  d2f.o(x$fpl$d2f)
    _d2f                                     0x08002311   Thumb Code    98  d2f.o(x$fpl$d2f)
    __aeabi_dadd                             0x08002375   Thumb Code     0  daddsub_clz.o(x$fpl$dadd)
    _dadd                                    0x08002375   Thumb Code   332  daddsub_clz.o(x$fpl$dadd)
    __fpl_dcmp_Inf                           0x080024c5   Thumb Code    24  dcmpi.o(x$fpl$dcmpinf)
    __aeabi_cdcmple                          0x080024dd   Thumb Code     0  dleqf.o(x$fpl$dleqf)
    _dcmple                                  0x080024dd   Thumb Code   120  dleqf.o(x$fpl$dleqf)
    __fpl_dcmple_InfNaN                      0x0800253f   Thumb Code     0  dleqf.o(x$fpl$dleqf)
    __fpl_dnaninf                            0x08002555   Thumb Code   156  dnaninf.o(x$fpl$dnaninf)
    __fpl_dretinf                            0x080025f1   Thumb Code    12  dretinf.o(x$fpl$dretinf)
    __aeabi_cdrcmple                         0x080025fd   Thumb Code     0  drleqf.o(x$fpl$drleqf)
    _drcmple                                 0x080025fd   Thumb Code   108  drleqf.o(x$fpl$drleqf)
    __aeabi_dsub                             0x08002669   Thumb Code     0  daddsub_clz.o(x$fpl$dsub)
    _dsub                                    0x08002669   Thumb Code   464  daddsub_clz.o(x$fpl$dsub)
    __aeabi_f2d                              0x0800283d   Thumb Code     0  f2d.o(x$fpl$f2d)
    _f2d                                     0x0800283d   Thumb Code    86  f2d.o(x$fpl$f2d)
    __aeabi_fadd                             0x08002895   Thumb Code     0  faddsub_clz.o(x$fpl$fadd)
    _fadd                                    0x08002895   Thumb Code   196  faddsub_clz.o(x$fpl$fadd)
    __aeabi_fdiv                             0x08002959   Thumb Code     0  fdiv.o(x$fpl$fdiv)
    _fdiv                                    0x08002959   Thumb Code   384  fdiv.o(x$fpl$fdiv)
    __aeabi_f2uiz                            0x08002add   Thumb Code     0  ffixu.o(x$fpl$ffixu)
    _ffixu                                   0x08002add   Thumb Code    62  ffixu.o(x$fpl$ffixu)
    __aeabi_i2f                              0x08002b1d   Thumb Code     0  fflt_clz.o(x$fpl$fflt)
    _fflt                                    0x08002b1d   Thumb Code    48  fflt_clz.o(x$fpl$fflt)
    __aeabi_ui2f                             0x08002b4d   Thumb Code     0  fflt_clz.o(x$fpl$ffltu)
    _ffltu                                   0x08002b4d   Thumb Code    38  fflt_clz.o(x$fpl$ffltu)
    __aeabi_fmul                             0x08002b75   Thumb Code     0  fmul.o(x$fpl$fmul)
    _fmul                                    0x08002b75   Thumb Code   258  fmul.o(x$fpl$fmul)
    __fpl_fnaninf                            0x08002c77   Thumb Code   140  fnaninf.o(x$fpl$fnaninf)
    __fpl_fretinf                            0x08002d03   Thumb Code    10  fretinf.o(x$fpl$fretinf)
    __aeabi_fsub                             0x08002d0d   Thumb Code     0  faddsub_clz.o(x$fpl$fsub)
    _fsub                                    0x08002d0d   Thumb Code   234  faddsub_clz.o(x$fpl$fsub)
    BMP2                                     0x08002df6   Data        1024  main.o(.constdata)
    __I$use$fp                               0x08002df6   Number         0  usenofp.o(x$fpl$usenofp)
    BMP3                                     0x080031f6   Data        1024  main.o(.constdata)
    F6x8                                     0x080035f6   Data         552  oled.o(.constdata)
    F8X16                                    0x0800381e   Data        1520  oled.o(.constdata)
    CHAR8x6                                  0x08003e0e   Data         552  draw_api.o(.constdata)
    CHAR16x8                                 0x08004036   Data        1552  draw_api.o(.constdata)
    Region$$Table$$Base                      0x08004648   Number         0  anon$$obj.o(Region$$Table)
    Region$$Table$$Limit                     0x08004668   Number         0  anon$$obj.o(Region$$Table)
    BMP1                                     0x20000000   Data        1024  main.o(.data)
    flag                                     0x20000400   Data           1  main.o(.data)
    Choice                                   0x20000401   Data           1  main.o(.data)
    head                                     0x20000404   Data           4  snake.o(.data)
    q                                        0x20000408   Data           4  snake.o(.data)
    FOOD                                     0x2000040c   Data           4  snake.o(.data)
    Dir                                      0x20000410   Data           1  snake.o(.data)
    Gamestatus                               0x20000411   Data           1  snake.o(.data)
    score                                    0x20000414   Data           4  snake.o(.data)
    Sleep_Time                               0x20000418   Data           4  snake.o(.data)
    Food_Score                               0x2000041c   Data           1  snake.o(.data)
    __stdout                                 0x20000424   Data           4  usart.o(.data)
    USART_RX_STA                             0x20000428   Data           2  usart.o(.data)
    BMP                                      0x2000042c   Data        1024  draw_api.o(.bss)
    USART_RX_BUF                             0x2000082c   Data         200  usart.o(.bss)
    __libspace_start                         0x200008f4   Data          96  libspace.o(.bss)
    __temporary_stack_top$libspace           0x20000954   Data           0  libspace.o(.bss)



==============================================================================

Memory Map of the image

  Image Entry point : 0x080000ed

  Load Region LR_IROM1 (Base: 0x08000000, Size: 0x00004a94, Max: 0x00010000, ABSOLUTE, COMPRESSED[0x00004824])

    Execution Region ER_IROM1 (Base: 0x08000000, Size: 0x00004668, Max: 0x00010000, ABSOLUTE)

    Base Addr    Size         Type   Attr      Idx    E Section Name        Object

    0x08000000   0x000000ec   Data   RO          671    RESET               startup_stm32f10x_md.o
    0x080000ec   0x00000008   Code   RO         3866  * !!!main             c_w.l(__main.o)
    0x080000f4   0x00000034   Code   RO         4193    !!!scatter          c_w.l(__scatter.o)
    0x08000128   0x0000005a   Code   RO         4191    !!dczerorl2         c_w.l(__dczerorl2.o)
    0x08000182   0x00000002   PAD
    0x08000184   0x0000001c   Code   RO         4195    !!handler_zi        c_w.l(__scatter_zi.o)
    0x080001a0   0x00000002   Code   RO         4128    .ARM.Collect$$libinit$$00000000  c_w.l(libinit.o)
    0x080001a2   0x00000000   Code   RO         3965    .ARM.Collect$$libinit$$00000002  c_w.l(libinit2.o)
    0x080001a2   0x00000000   Code   RO         3967    .ARM.Collect$$libinit$$00000004  c_w.l(libinit2.o)
    0x080001a2   0x00000008   Code   RO         3968    .ARM.Collect$$libinit$$00000005  c_w.l(libinit2.o)
    0x080001aa   0x00000000   Code   RO         3970    .ARM.Collect$$libinit$$0000000A  c_w.l(libinit2.o)
    0x080001aa   0x00000000   Code   RO         3972    .ARM.Collect$$libinit$$0000000C  c_w.l(libinit2.o)
    0x080001aa   0x00000000   Code   RO         3974    .ARM.Collect$$libinit$$0000000E  c_w.l(libinit2.o)
    0x080001aa   0x00000000   Code   RO         3977    .ARM.Collect$$libinit$$00000011  c_w.l(libinit2.o)
    0x080001aa   0x00000000   Code   RO         3979    .ARM.Collect$$libinit$$00000013  c_w.l(libinit2.o)
    0x080001aa   0x00000000   Code   RO         3981    .ARM.Collect$$libinit$$00000015  c_w.l(libinit2.o)
    0x080001aa   0x00000000   Code   RO         3983    .ARM.Collect$$libinit$$00000017  c_w.l(libinit2.o)
    0x080001aa   0x00000000   Code   RO         3985    .ARM.Collect$$libinit$$00000019  c_w.l(libinit2.o)
    0x080001aa   0x00000000   Code   RO         3987    .ARM.Collect$$libinit$$0000001B  c_w.l(libinit2.o)
    0x080001aa   0x00000000   Code   RO         3989    .ARM.Collect$$libinit$$0000001D  c_w.l(libinit2.o)
    0x080001aa   0x00000000   Code   RO         3991    .ARM.Collect$$libinit$$0000001F  c_w.l(libinit2.o)
    0x080001aa   0x00000000   Code   RO         3993    .ARM.Collect$$libinit$$00000021  c_w.l(libinit2.o)
    0x080001aa   0x00000000   Code   RO         3995    .ARM.Collect$$libinit$$00000023  c_w.l(libinit2.o)
    0x080001aa   0x00000000   Code   RO         3997    .ARM.Collect$$libinit$$00000025  c_w.l(libinit2.o)
    0x080001aa   0x00000000   Code   RO         4001    .ARM.Collect$$libinit$$0000002C  c_w.l(libinit2.o)
    0x080001aa   0x00000000   Code   RO         4003    .ARM.Collect$$libinit$$0000002E  c_w.l(libinit2.o)
    0x080001aa   0x00000000   Code   RO         4005    .ARM.Collect$$libinit$$00000030  c_w.l(libinit2.o)
    0x080001aa   0x00000000   Code   RO         4007    .ARM.Collect$$libinit$$00000032  c_w.l(libinit2.o)
    0x080001aa   0x00000002   Code   RO         4008    .ARM.Collect$$libinit$$00000033  c_w.l(libinit2.o)
    0x080001ac   0x00000002   Code   RO         4188    .ARM.Collect$$libshutdown$$00000000  c_w.l(libshutdown.o)
    0x080001ae   0x00000000   Code   RO         4142    .ARM.Collect$$libshutdown$$00000002  c_w.l(libshutdown2.o)
    0x080001ae   0x00000000   Code   RO         4144    .ARM.Collect$$libshutdown$$00000004  c_w.l(libshutdown2.o)
    0x080001ae   0x00000000   Code   RO         4147    .ARM.Collect$$libshutdown$$00000007  c_w.l(libshutdown2.o)
    0x080001ae   0x00000000   Code   RO         4150    .ARM.Collect$$libshutdown$$0000000A  c_w.l(libshutdown2.o)
    0x080001ae   0x00000000   Code   RO         4152    .ARM.Collect$$libshutdown$$0000000C  c_w.l(libshutdown2.o)
    0x080001ae   0x00000000   Code   RO         4155    .ARM.Collect$$libshutdown$$0000000F  c_w.l(libshutdown2.o)
    0x080001ae   0x00000002   Code   RO         4156    .ARM.Collect$$libshutdown$$00000010  c_w.l(libshutdown2.o)
    0x080001b0   0x00000000   Code   RO         3932    .ARM.Collect$$rtentry$$00000000  c_w.l(__rtentry.o)
    0x080001b0   0x00000000   Code   RO         4054    .ARM.Collect$$rtentry$$00000002  c_w.l(__rtentry2.o)
    0x080001b0   0x00000006   Code   RO         4066    .ARM.Collect$$rtentry$$00000004  c_w.l(__rtentry4.o)
    0x080001b6   0x00000000   Code   RO         4056    .ARM.Collect$$rtentry$$00000009  c_w.l(__rtentry2.o)
    0x080001b6   0x00000004   Code   RO         4057    .ARM.Collect$$rtentry$$0000000A  c_w.l(__rtentry2.o)
    0x080001ba   0x00000000   Code   RO         4059    .ARM.Collect$$rtentry$$0000000C  c_w.l(__rtentry2.o)
    0x080001ba   0x00000008   Code   RO         4060    .ARM.Collect$$rtentry$$0000000D  c_w.l(__rtentry2.o)
    0x080001c2   0x00000002   Code   RO         4131    .ARM.Collect$$rtexit$$00000000  c_w.l(rtexit.o)
    0x080001c4   0x00000000   Code   RO         4160    .ARM.Collect$$rtexit$$00000002  c_w.l(rtexit2.o)
    0x080001c4   0x00000004   Code   RO         4161    .ARM.Collect$$rtexit$$00000003  c_w.l(rtexit2.o)
    0x080001c8   0x00000006   Code   RO         4162    .ARM.Collect$$rtexit$$00000004  c_w.l(rtexit2.o)
    0x080001ce   0x00000002   PAD
    0x080001d0   0x00000000   Code   RO         4075    .emb_text           c_w.l(maybetermalloc1.o)
    0x080001d0   0x00000040   Code   RO          672    .text               startup_stm32f10x_md.o
    0x08000210   0x00000002   Code   RO         3800    .text               c_w.l(use_no_semi_2.o)
    0x08000212   0x0000005e   Code   RO         3806    .text               c_w.l(h1_alloc.o)
    0x08000270   0x0000004e   Code   RO         3808    .text               c_w.l(h1_free.o)
    0x080002be   0x00000006   Code   RO         3864    .text               c_w.l(heapauxi.o)
    0x080002c4   0x00000002   Code   RO         3928    .text               c_w.l(use_no_semi.o)
    0x080002c6   0x00000002   PAD
    0x080002c8   0x00000008   Code   RO         3936    .text               c_w.l(rt_heap_descriptor_intlibspace.o)
    0x080002d0   0x00000004   Code   RO         3938    .text               c_w.l(hguard.o)
    0x080002d4   0x0000008a   Code   RO         3940    .text               c_w.l(init_alloc.o)
    0x0800035e   0x0000000e   Code   RO         3944    .text               c_w.l(h1_init.o)
    0x0800036c   0x00000008   Code   RO         4050    .text               c_w.l(libspace.o)
    0x08000374   0x00000034   Code   RO         4077    .text               c_w.l(h1_extend.o)
    0x080003a8   0x0000000e   Code   RO         4081    .text               c_w.l(defsig_rtmem_outer.o)
    0x080003b6   0x0000004a   Code   RO         4107    .text               c_w.l(sys_stackheap_outer.o)
    0x08000400   0x00000012   Code   RO         4113    .text               c_w.l(exit.o)
    0x08000412   0x0000000a   Code   RO         4115    .text               c_w.l(defsig_exit.o)
    0x0800041c   0x00000050   Code   RO         4117    .text               c_w.l(defsig_rtmem_inner.o)
    0x0800046c   0x00000032   Code   RO         4139    .text               c_w.l(defsig_general.o)
    0x0800049e   0x0000002a   Code   RO          607    i.AT24CXX_ReadLenByte  at24cxx.o
    0x080004c8   0x0000004c   Code   RO          608    i.AT24CXX_ReadOneByte  at24cxx.o
    0x08000514   0x00000028   Code   RO          610    i.AT24CXX_WriteLenByte  at24cxx.o
    0x0800053c   0x00000040   Code   RO          611    i.AT24CXX_WriteOneByte  at24cxx.o
    0x0800057c   0x00000004   Code   RO          173    i.BusFault_Handler  stm32f10x_it.o
    0x08000580   0x0000001c   Code   RO          374    i.CanvasClear       draw_api.o
    0x0800059c   0x00000068   Code   RO          472    i.Create_FOOD       snake.o
    0x08000604   0x00000002   Code   RO          174    i.DebugMon_Handler  stm32f10x_it.o
    0x08000606   0x00000002   PAD
    0x08000608   0x00000018   Code   RO          375    i.DisPlay           draw_api.o
    0x08000620   0x00000108   Code   RO          377    i.Draw_Line         draw_api.o
    0x08000728   0x0000003c   Code   RO          378    i.Draw_Point        draw_api.o
    0x08000764   0x00000074   Code   RO          379    i.Draw_Rect         draw_api.o
    0x080007d8   0x00000030   Code   RO          473    i.Draw_Snake_Point  snake.o
    0x08000808   0x00000030   Code   RO            1    i.EXTI0_IRQHandler  main.o
    0x08000838   0x00000030   Code   RO            2    i.EXTI1_IRQHandler  main.o
    0x08000868   0x00000030   Code   RO            3    i.EXTI2_IRQHandler  main.o
    0x08000898   0x00000030   Code   RO            4    i.EXTI3_IRQHandler  main.o
    0x080008c8   0x00000118   Code   RO            5    i.EXTI9_5_IRQHandler  main.o
    0x080009e0   0x0000000c   Code   RO         1474    i.EXTI_ClearITPendingBit  stm32f10x_exti.o
    0x080009ec   0x00000094   Code   RO         1479    i.EXTI_Init         stm32f10x_exti.o
    0x08000a80   0x00000040   Code   RO         1824    i.GPIO_EXTILineConfig  stm32f10x_gpio.o
    0x08000ac0   0x00000116   Code   RO         1827    i.GPIO_Init         stm32f10x_gpio.o
    0x08000bd6   0x00000012   Code   RO         1831    i.GPIO_ReadInputDataBit  stm32f10x_gpio.o
    0x08000be8   0x00000004   Code   RO         1834    i.GPIO_ResetBits    stm32f10x_gpio.o
    0x08000bec   0x00000004   Code   RO         1835    i.GPIO_SetBits      stm32f10x_gpio.o
    0x08000bf0   0x000000e8   Code   RO          474    i.GameCir           snake.o
    0x08000cd8   0x00000002   Code   RO          175    i.HardFault_Handler  stm32f10x_it.o
    0x08000cda   0x00000002   PAD
    0x08000cdc   0x00000040   Code   RO          475    i.IF_Get_Food       snake.o
    0x08000d1c   0x00000044   Code   RO          476    i.IF_Hit            snake.o
    0x08000d60   0x00000050   Code   RO          550    i.IIC_Ack           i2c.o
    0x08000db0   0x00000050   Code   RO          552    i.IIC_NAck          i2c.o
    0x08000e00   0x00000070   Code   RO          553    i.IIC_Read_Byte     i2c.o
    0x08000e70   0x00000068   Code   RO          554    i.IIC_Send_Byte     i2c.o
    0x08000ed8   0x0000004c   Code   RO          555    i.IIC_Start         i2c.o
    0x08000f24   0x0000004c   Code   RO          556    i.IIC_Stop          i2c.o
    0x08000f70   0x00000064   Code   RO          557    i.IIC_Wait_Ack      i2c.o
    0x08000fd4   0x00000004   Code   RO          176    i.MemManage_Handler  stm32f10x_it.o
    0x08000fd8   0x00000080   Code   RO            6    i.Menu              main.o
    0x08001058   0x000001b4   Code   RO          538    i.My_Exit_Init      button.o
    0x0800120c   0x00000002   Code   RO          177    i.NMI_Handler       stm32f10x_it.o
    0x0800120e   0x00000002   PAD
    0x08001210   0x00000070   Code   RO          676    i.NVIC_Init         misc.o
    0x08001280   0x00000014   Code   RO          677    i.NVIC_PriorityGroupConfig  misc.o
    0x08001294   0x00000040   Code   RO          270    i.OLED_Clear        oled.o
    0x080012d4   0x00000082   Code   RO          273    i.OLED_DrawBMP      oled.o
    0x08001356   0x00000002   PAD
    0x08001358   0x0000017c   Code   RO          274    i.OLED_Init         oled.o
    0x080014d4   0x0000002e   Code   RO          275    i.OLED_Set_Pos      oled.o
    0x08001502   0x00000002   PAD
    0x08001504   0x00000054   Code   RO          276    i.OLED_ShowChar     oled.o
    0x08001558   0x00000090   Code   RO          381    i.OLED_ShowCharRAM  draw_api.o
    0x080015e8   0x00000058   Code   RO          277    i.OLED_ShowChar_Reverse  oled.o
    0x08001640   0x0000008c   Code   RO          382    i.OLED_ShowNumRAM   draw_api.o
    0x080016cc   0x00000048   Code   RO          383    i.OLED_ShowStrRAM   draw_api.o
    0x08001714   0x00000064   Code   RO          278    i.OLED_ShowString   oled.o
    0x08001778   0x00000064   Code   RO          279    i.OLED_ShowString_Reverse  oled.o
    0x080017dc   0x00000074   Code   RO          280    i.OLED_WR_Byte      oled.o
    0x08001850   0x00000002   Code   RO          178    i.PendSV_Handler    stm32f10x_it.o
    0x08001852   0x00000002   PAD
    0x08001854   0x00000020   Code   RO         2243    i.RCC_APB1PeriphClockCmd  stm32f10x_rcc.o
    0x08001874   0x00000020   Code   RO         2245    i.RCC_APB2PeriphClockCmd  stm32f10x_rcc.o
    0x08001894   0x00000002   Code   RO          179    i.SVC_Handler       stm32f10x_it.o
    0x08001896   0x00000008   Code   RO          236    i.SetSysClock       system_stm32f10x.o
    0x0800189e   0x00000002   PAD
    0x080018a0   0x000000e0   Code   RO          237    i.SetSysClockTo72   system_stm32f10x.o
    0x08001980   0x000000d8   Code   RO          477    i.Snake_FOOD_Init   snake.o
    0x08001a58   0x000003a0   Code   RO          478    i.Snake_Move        snake.o
    0x08001df8   0x00000002   Code   RO          180    i.SysTick_Handler   stm32f10x_it.o
    0x08001dfa   0x00000002   PAD
    0x08001dfc   0x00000060   Code   RO          239    i.SystemInit        system_stm32f10x.o
    0x08001e5c   0x00000034   Code   RO          479    i.TIM2_Init         snake.o
    0x08001e90   0x00000038   Code   RO          480    i.TIM3_Init         snake.o
    0x08001ec8   0x00000018   Code   RO         2877    i.TIM_Cmd           stm32f10x_tim.o
    0x08001ee0   0x000000a4   Code   RO         2948    i.TIM_TimeBaseInit  stm32f10x_tim.o
    0x08001f84   0x00000084   Code   RO         3751    i.USART1_IRQHandler  usart.o
    0x08002008   0x00000004   Code   RO          181    i.UsageFault_Handler  stm32f10x_it.o
    0x0800200c   0x00000004   Code   RO         3752    i._sys_exit         usart.o
    0x08002010   0x00000004   Code   RO         3753    i._ttywrch          usart.o
    0x08002014   0x00000040   Code   RO         3643    i.delay_init        delay.o
    0x08002054   0x0000003c   Code   RO         3644    i.delay_ms          delay.o
    0x08002090   0x0000003c   Code   RO         3645    i.delay_us          delay.o
    0x080020cc   0x00000098   Code   RO          384    i.func_x            draw_api.o
    0x08002164   0x00000098   Code   RO          385    i.func_y            draw_api.o
    0x080021fc   0x000000fc   Code   RO            7    i.main              main.o
    0x080022f8   0x00000016   Code   RO          386    i.oled_pow          draw_api.o
    0x0800230e   0x00000002   PAD
    0x08002310   0x00000062   Code   RO         3868    x$fpl$d2f           fz_ws.l(d2f.o)
    0x08002372   0x00000002   PAD
    0x08002374   0x00000150   Code   RO         3870    x$fpl$dadd          fz_ws.l(daddsub_clz.o)
    0x080024c4   0x00000018   Code   RO         4009    x$fpl$dcmpinf       fz_ws.l(dcmpi.o)
    0x080024dc   0x00000078   Code   RO         3882    x$fpl$dleqf         fz_ws.l(dleqf.o)
    0x08002554   0x0000009c   Code   RO         4011    x$fpl$dnaninf       fz_ws.l(dnaninf.o)
    0x080025f0   0x0000000c   Code   RO         4013    x$fpl$dretinf       fz_ws.l(dretinf.o)
    0x080025fc   0x0000006c   Code   RO         3886    x$fpl$drleqf        fz_ws.l(drleqf.o)
    0x08002668   0x000001d4   Code   RO         3872    x$fpl$dsub          fz_ws.l(daddsub_clz.o)
    0x0800283c   0x00000056   Code   RO         3888    x$fpl$f2d           fz_ws.l(f2d.o)
    0x08002892   0x00000002   PAD
    0x08002894   0x000000c4   Code   RO         3890    x$fpl$fadd          fz_ws.l(faddsub_clz.o)
    0x08002958   0x00000184   Code   RO         3897    x$fpl$fdiv          fz_ws.l(fdiv.o)
    0x08002adc   0x0000003e   Code   RO         3900    x$fpl$ffixu         fz_ws.l(ffixu.o)
    0x08002b1a   0x00000002   PAD
    0x08002b1c   0x00000030   Code   RO         3905    x$fpl$fflt          fz_ws.l(fflt_clz.o)
    0x08002b4c   0x00000026   Code   RO         3904    x$fpl$ffltu         fz_ws.l(fflt_clz.o)
    0x08002b72   0x00000002   PAD
    0x08002b74   0x00000102   Code   RO         3910    x$fpl$fmul          fz_ws.l(fmul.o)
    0x08002c76   0x0000008c   Code   RO         4015    x$fpl$fnaninf       fz_ws.l(fnaninf.o)
    0x08002d02   0x0000000a   Code   RO         4017    x$fpl$fretinf       fz_ws.l(fretinf.o)
    0x08002d0c   0x000000ea   Code   RO         3892    x$fpl$fsub          fz_ws.l(faddsub_clz.o)
    0x08002df6   0x00000000   Code   RO         4019    x$fpl$usenofp       fz_ws.l(usenofp.o)
    0x08002df6   0x00000800   Data   RO            8    .constdata          main.o
    0x080035f6   0x00000818   Data   RO          281    .constdata          oled.o
    0x08003e0e   0x00000838   Data   RO          388    .constdata          draw_api.o
    0x08004646   0x00000002   PAD
    0x08004648   0x00000020   Data   RO         4189    Region$$Table       anon$$obj.o


    Execution Region RW_IRAM1 (Base: 0x20000000, Size: 0x00001d58, Max: 0x00005000, ABSOLUTE, COMPRESSED[0x000001bc])

    Base Addr    Size         Type   Attr      Idx    E Section Name        Object

    0x20000000   0x00000402   Data   RW            9    .data               main.o
    0x20000402   0x00000002   PAD
    0x20000404   0x00000019   Data   RW          481    .data               snake.o
    0x2000041d   0x00000001   PAD
    0x2000041e   0x00000004   Data   RW         3646    .data               delay.o
    0x20000422   0x00000002   PAD
    0x20000424   0x00000006   Data   RW         3757    .data               usart.o
    0x2000042a   0x00000002   PAD
    0x2000042c   0x00000400   Zero   RW          387    .bss                draw_api.o
    0x2000082c   0x000000c8   Zero   RW         3756    .bss                usart.o
    0x200008f4   0x00000060   Zero   RW         4051    .bss                c_w.l(libspace.o)
    0x20000954   0x00000004   PAD
    0x20000958   0x00001000   Zero   RW          670    HEAP                startup_stm32f10x_md.o
    0x20001958   0x00000400   Zero   RW          669    STACK               startup_stm32f10x_md.o


==============================================================================

Image component sizes


      Code (inc. data)   RO Data    RW Data    ZI Data      Debug   Object Name

       222          0          0          0          0       2566   at24cxx.o
       436         10          0          0          0        747   button.o
         0          0          0          0          0         32   core_cm3.o
       184         16          0          4          0       1723   delay.o
      1174         44       2104          0       1024       8324   draw_api.o
       628         94          0          0          0       3491   i2c.o
       852        138       2048       1026          0     242692   main.o
       132         22          0          0          0       1463   misc.o
      1108         28       2072          0          0     212243   oled.o
      1768         98          0         25          0       6522   snake.o
        64         26        236          0       5120        796   startup_stm32f10x_md.o
       160         12          0          0          0       1421   stm32f10x_exti.o
       368          4          0          0          0       4138   stm32f10x_gpio.o
        24          0          0          0          0       3706   stm32f10x_it.o
        64         12          0          0          0       1106   stm32f10x_rcc.o
       188         42          0          0          0       1669   stm32f10x_tim.o
       328         28          0          0          0       1793   system_stm32f10x.o
       140         14          0          6        200       3303   usart.o

    ----------------------------------------------------------------------
      7858        588       6494       1068       6344     497735   Object Totals
         0          0         32          0          0          0   (incl. Generated)
        18          0          2          7          0          0   (incl. Padding)

    ----------------------------------------------------------------------

      Code (inc. data)   RO Data    RW Data    ZI Data      Debug   Library Member Name

        90          0          0          0          0          0   __dczerorl2.o
         8          0          0          0          0         68   __main.o
         0          0          0          0          0          0   __rtentry.o
        12          0          0          0          0          0   __rtentry2.o
         6          0          0          0          0          0   __rtentry4.o
        52          8          0          0          0          0   __scatter.o
        28          0          0          0          0          0   __scatter_zi.o
        10          0          0          0          0         68   defsig_exit.o
        50          0          0          0          0         88   defsig_general.o
        80         58          0          0          0         76   defsig_rtmem_inner.o
        14          0          0          0          0         80   defsig_rtmem_outer.o
        18          0          0          0          0         80   exit.o
        94          0          0          0          0         80   h1_alloc.o
        52          0          0          0          0         68   h1_extend.o
        78          0          0          0          0         80   h1_free.o
        14          0          0          0          0         84   h1_init.o
         6          0          0          0          0        152   heapauxi.o
         4          0          0          0          0        136   hguard.o
       138          0          0          0          0        168   init_alloc.o
         2          0          0          0          0          0   libinit.o
        10          0          0          0          0          0   libinit2.o
         2          0          0          0          0          0   libshutdown.o
         2          0          0          0          0          0   libshutdown2.o
         8          4          0          0         96         68   libspace.o
         0          0          0          0          0          0   maybetermalloc1.o
         8          4          0          0          0         68   rt_heap_descriptor_intlibspace.o
         2          0          0          0          0          0   rtexit.o
        10          0          0          0          0          0   rtexit2.o
        74          0          0          0          0         80   sys_stackheap_outer.o
         2          0          0          0          0         68   use_no_semi.o
         2          0          0          0          0         68   use_no_semi_2.o
        98          4          0          0          0         92   d2f.o
       804         16          0          0          0        272   daddsub_clz.o
        24          0          0          0          0         68   dcmpi.o
       120          4          0          0          0         92   dleqf.o
       156          4          0          0          0         92   dnaninf.o
        12          0          0          0          0         68   dretinf.o
       108          0          0          0          0         80   drleqf.o
        86          4          0          0          0         84   f2d.o
       430          8          0          0          0        168   faddsub_clz.o
       388         76          0          0          0         96   fdiv.o
        62          4          0          0          0         84   ffixu.o
        86          0          0          0          0        136   fflt_clz.o
       258          4          0          0          0         84   fmul.o
       140          4          0          0          0         84   fnaninf.o
        10          0          0          0          0         68   fretinf.o
         0          0          0          0          0          0   usenofp.o

    ----------------------------------------------------------------------
      3672        202          0          0        100       3148   Library Totals
        14          0          0          0          4          0   (incl. Padding)

    ----------------------------------------------------------------------

      Code (inc. data)   RO Data    RW Data    ZI Data      Debug   Library Name

       876         74          0          0         96       1580   c_w.l
      2782        128          0          0          0       1568   fz_ws.l

    ----------------------------------------------------------------------
      3672        202          0          0        100       3148   Library Totals

    ----------------------------------------------------------------------

==============================================================================


      Code (inc. data)   RO Data    RW Data    ZI Data      Debug   

     11530        790       6494       1068       6444     495315   Grand Totals
     11530        790       6494        444       6444     495315   ELF Image Totals (compressed)
     11530        790       6494        444          0          0   ROM Totals

==============================================================================

    Total RO  Size (Code + RO Data)                18024 (  17.60kB)
    Total RW  Size (RW Data + ZI Data)              7512 (   7.34kB)
    Total ROM Size (Code + RO Data + RW Data)      18468 (  18.04kB)

==============================================================================

